01:54:34 **** Auto Build of configuration Debug for project FreeRTOS ****
make all 
'Building file: ../src/main.c'
'Invoking: ARM gcc compiler'
arm-xilinx-eabi-gcc -Wall -O0 -g3 -c -fmessage-length=0 -I../../FreeRTOS_bsp/ps7_cortexa9_0/include -MMD -MP -MF"src/main.d" -MT"src/main.d" -o "src/main.o" "../src/main.c"
'Finished building: ../src/main.c'
' '
'Building target: FreeRTOS.elf'
'Invoking: ARM gcc linker'
arm-xilinx-eabi-gcc -Wl,-T -Wl,../src/lscript.ld -L../../FreeRTOS_bsp/ps7_cortexa9_0/lib -o "FreeRTOS.elf"  ./src/FreeRTOS_asm_vectors.o ./src/FreeRTOS_tick_config.o ./src/croutine.o ./src/event_groups.o ./src/heap_4.o ./src/list.o ./src/main.o ./src/platform.o ./src/port.o ./src/portASM.o ./src/printf-stdarg.o ./src/queue.o ./src/tasks.o ./src/timers.o   -Wl,--start-group,-lxil,-lgcc,-lc,--end-group
'Finished building target: FreeRTOS.elf'
' '
'Invoking: ARM Print Size'
arm-xilinx-eabi-size FreeRTOS.elf  |tee "FreeRTOS.elf.size"
   text	   data	    bss	    dec	    hex	filename
  67752	   1952	 112260	 181964	  2c6cc	FreeRTOS.elf
'Finished building: FreeRTOS.elf.size'
' '

01:54:35 Build Finished (took 1s.500ms)

