11:20:49 **** Incremental Build of configuration Debug for project base_demo ****
make all 
make: No se hace nada para `all'.
11:20:57 **** Incremental Build of configuration Debug for project fsbl ****
make all 
make: No se hace nada para `all'.
11:20:57 **** Incremental Build of configuration Debug for project base_demo ****
make all 
make: No se hace nada para `all'.
11:21:36 **** Incremental Build of configuration Debug for project fsbl ****
make all 
make: No se hace nada para `all'.
11:21:37 **** Incremental Build of configuration Debug for project base_demo ****
make all 
make: No se hace nada para `all'.
11:22:12 **** Incremental Build of configuration Debug for project fsbl ****
make all 
make: No se hace nada para `all'.
11:22:13 **** Incremental Build of configuration Debug for project base_demo ****
make all 
make: No se hace nada para `all'.
11:22:29 **** Incremental Build of configuration Debug for project fsbl ****
make all 
make: No se hace nada para `all'.
11:22:29 **** Incremental Build of configuration Debug for project base_demo ****
make all 
make: No se hace nada para `all'.
11:24:31 **** Incremental Build of configuration Debug for project fsbl ****
make all 
make: No se hace nada para `all'.
11:24:32 **** Incremental Build of configuration Debug for project base_demo ****
make all 
make: No se hace nada para `all'.
11:25:22 **** Auto Build of configuration Debug for project base_demo ****
make all 
'Building file: ../src/main.c'
'Invoking: ARM gcc compiler'
arm-xilinx-eabi-gcc -Wall -O0 -g3 -c -fmessage-length=0 -I../../base_demo_bsp/ps7_cortexa9_0/include -MMD -MP -MF"src/main.d" -MT"src/main.d" -o "src/main.o" "../src/main.c"
../src/main.c: In function 'main':
../src/main.c:70:7: warning: variable 'hdmiPtr' set but not used [-Wunused-but-set-variable]
  u32 *hdmiPtr[DISPLAY_NUM_FRAMES];
       ^
../src/main.c:69:7: warning: variable 'vgaPtr' set but not used [-Wunused-but-set-variable]
  u32 *vgaPtr[DISPLAY_NUM_FRAMES];
       ^
'Finished building: ../src/main.c'
' '
'Building target: base_demo.elf'
'Invoking: ARM gcc linker'
arm-xilinx-eabi-gcc -Wl,-T -Wl,../src/lscript.ld -L../../base_demo_bsp/ps7_cortexa9_0/lib -o "base_demo.elf"  ./src/audio_demo.o ./src/display_ctrl.o ./src/display_demo.o ./src/main.o ./src/platform.o ./src/timer_ps.o   -Wl,--start-group,-lxil,-lgcc,-lc,--end-group
'Finished building target: base_demo.elf'
' '
'Invoking: ARM Print Size'
arm-xilinx-eabi-size base_demo.elf  |tee "base_demo.elf.size"
   text	   data	    bss	    dec	    hex	filename
  95332	   2528	51714704	51812564	31698d4	base_demo.elf
'Finished building: base_demo.elf.size'
' '
11:25:39 **** Incremental Build of configuration Debug for project fsbl ****
make all 
make: No se hace nada para `all'.
11:25:39 **** Incremental Build of configuration Debug for project base_demo ****
make all 
make: No se hace nada para `all'.
11:26:24 **** Incremental Build of configuration Debug for project fsbl ****
make all 
make: No se hace nada para `all'.
11:26:24 **** Incremental Build of configuration Debug for project base_demo ****
make all 
make: No se hace nada para `all'.
11:26:56 **** Incremental Build of configuration Debug for project fsbl ****
make all 
make: No se hace nada para `all'.
11:26:56 **** Incremental Build of configuration Debug for project base_demo ****
make all 
make: No se hace nada para `all'.
11:29:13 **** Auto Build of configuration Debug for project base_demo ****
make all 
'Building file: ../src/main.c'
'Invoking: ARM gcc compiler'
arm-xilinx-eabi-gcc -Wall -O0 -g3 -c -fmessage-length=0 -I../../base_demo_bsp/ps7_cortexa9_0/include -MMD -MP -MF"src/main.d" -MT"src/main.d" -o "src/main.o" "../src/main.c"
../src/main.c: In function 'main':
../src/main.c:70:7: warning: variable 'hdmiPtr' set but not used [-Wunused-but-set-variable]
  u32 *hdmiPtr[DISPLAY_NUM_FRAMES];
       ^
'Finished building: ../src/main.c'
' '
'Building target: base_demo.elf'
'Invoking: ARM gcc linker'
arm-xilinx-eabi-gcc -Wl,-T -Wl,../src/lscript.ld -L../../base_demo_bsp/ps7_cortexa9_0/lib -o "base_demo.elf"  ./src/audio_demo.o ./src/display_ctrl.o ./src/display_demo.o ./src/main.o ./src/platform.o ./src/timer_ps.o   -Wl,--start-group,-lxil,-lgcc,-lc,--end-group
'Finished building target: base_demo.elf'
' '
'Invoking: ARM Print Size'
arm-xilinx-eabi-size base_demo.elf  |tee "base_demo.elf.size"
   text	   data	    bss	    dec	    hex	filename
  95396	   2528	51714704	51812628	3169914	base_demo.elf
'Finished building: base_demo.elf.size'
' '
11:29:17 **** Incremental Build of configuration Debug for project fsbl ****
make all 
make: No se hace nada para `all'.
11:29:18 **** Incremental Build of configuration Debug for project base_demo ****
make all 
make: No se hace nada para `all'.
11:35:36 **** Auto Build of configuration Debug for project base_demo ****
make all 
'Building file: ../src/main.c'
'Invoking: ARM gcc compiler'
arm-xilinx-eabi-gcc -Wall -O0 -g3 -c -fmessage-length=0 -I../../base_demo_bsp/ps7_cortexa9_0/include -MMD -MP -MF"src/main.d" -MT"src/main.d" -o "src/main.o" "../src/main.c"
'Finished building: ../src/main.c'
' '
'Building target: base_demo.elf'
'Invoking: ARM gcc linker'
arm-xilinx-eabi-gcc -Wl,-T -Wl,../src/lscript.ld -L../../base_demo_bsp/ps7_cortexa9_0/lib -o "base_demo.elf"  ./src/audio_demo.o ./src/display_ctrl.o ./src/display_demo.o ./src/main.o ./src/platform.o ./src/timer_ps.o   -Wl,--start-group,-lxil,-lgcc,-lc,--end-group
'Finished building target: base_demo.elf'
' '
'Invoking: ARM Print Size'
arm-xilinx-eabi-size base_demo.elf  |tee "base_demo.elf.size"
   text	   data	    bss	    dec	    hex	filename
  95468	   2528	51714704	51812700	316995c	base_demo.elf
'Finished building: base_demo.elf.size'
' '
11:35:40 **** Incremental Build of configuration Debug for project fsbl ****
make all 
make: No se hace nada para `all'.
11:35:41 **** Incremental Build of configuration Debug for project base_demo ****
make all 
make: No se hace nada para `all'.
11:36:13 **** Auto Build of configuration Debug for project base_demo ****
make all 
'Building file: ../src/main.c'
'Invoking: ARM gcc compiler'
arm-xilinx-eabi-gcc -Wall -O0 -g3 -c -fmessage-length=0 -I../../base_demo_bsp/ps7_cortexa9_0/include -MMD -MP -MF"src/main.d" -MT"src/main.d" -o "src/main.o" "../src/main.c"
'Finished building: ../src/main.c'
' '
'Building target: base_demo.elf'
'Invoking: ARM gcc linker'
arm-xilinx-eabi-gcc -Wl,-T -Wl,../src/lscript.ld -L../../base_demo_bsp/ps7_cortexa9_0/lib -o "base_demo.elf"  ./src/audio_demo.o ./src/display_ctrl.o ./src/display_demo.o ./src/main.o ./src/platform.o ./src/timer_ps.o   -Wl,--start-group,-lxil,-lgcc,-lc,--end-group
'Finished building target: base_demo.elf'
' '
'Invoking: ARM Print Size'
arm-xilinx-eabi-size base_demo.elf  |tee "base_demo.elf.size"
   text	   data	    bss	    dec	    hex	filename
  95468	   2528	51714704	51812700	316995c	base_demo.elf
'Finished building: base_demo.elf.size'
' '
11:36:21 **** Incremental Build of configuration Debug for project fsbl ****
make all 
make: No se hace nada para `all'.
11:36:22 **** Incremental Build of configuration Debug for project base_demo ****
make all 
make: No se hace nada para `all'.
11:36:38 **** Incremental Build of configuration Debug for project fsbl ****
make all 
make: No se hace nada para `all'.
11:36:39 **** Incremental Build of configuration Debug for project base_demo ****
make all 
make: No se hace nada para `all'.
11:36:51 **** Incremental Build of configuration Debug for project fsbl ****
make all 
make: No se hace nada para `all'.
11:36:52 **** Incremental Build of configuration Debug for project base_demo ****
make all 
make: No se hace nada para `all'.
11:37:43 **** Incremental Build of configuration Debug for project fsbl ****
make all 
make: No se hace nada para `all'.
11:37:44 **** Incremental Build of configuration Debug for project base_demo ****
make all 
make: No se hace nada para `all'.
11:39:04 **** Incremental Build of configuration Debug for project fsbl ****
make all 
make: No se hace nada para `all'.
11:39:05 **** Incremental Build of configuration Debug for project base_demo ****
make all 
make: No se hace nada para `all'.
11:44:28 **** Auto Build of configuration Debug for project base_demo ****
make all 
'Building file: ../src/main.c'
'Invoking: ARM gcc compiler'
arm-xilinx-eabi-gcc -Wall -O0 -g3 -c -fmessage-length=0 -I../../base_demo_bsp/ps7_cortexa9_0/include -MMD -MP -MF"src/main.d" -MT"src/main.d" -o "src/main.o" "../src/main.c"
'Finished building: ../src/main.c'
' '
'Building target: base_demo.elf'
'Invoking: ARM gcc linker'
arm-xilinx-eabi-gcc -Wl,-T -Wl,../src/lscript.ld -L../../base_demo_bsp/ps7_cortexa9_0/lib -o "base_demo.elf"  ./src/audio_demo.o ./src/display_ctrl.o ./src/display_demo.o ./src/main.o ./src/platform.o ./src/timer_ps.o   -Wl,--start-group,-lxil,-lgcc,-lc,--end-group
'Finished building target: base_demo.elf'
' '
'Invoking: ARM Print Size'
arm-xilinx-eabi-size base_demo.elf  |tee "base_demo.elf.size"
   text	   data	    bss	    dec	    hex	filename
  95468	   2528	51714704	51812700	316995c	base_demo.elf
'Finished building: base_demo.elf.size'
' '
11:44:29 **** Auto Build of configuration Debug for project base_demo ****
make all 
'Building file: ../src/audio_demo.c'
'Invoking: ARM gcc compiler'
arm-xilinx-eabi-gcc -Wall -O0 -g3 -c -fmessage-length=0 -I../../base_demo_bsp/ps7_cortexa9_0/include -MMD -MP -MF"src/audio_demo.d" -MT"src/audio_demo.d" -o "src/audio_demo.o" "../src/audio_demo.c"
'Finished building: ../src/audio_demo.c'
' '
'Building target: base_demo.elf'
'Invoking: ARM gcc linker'
arm-xilinx-eabi-gcc -Wl,-T -Wl,../src/lscript.ld -L../../base_demo_bsp/ps7_cortexa9_0/lib -o "base_demo.elf"  ./src/audio_demo.o ./src/display_ctrl.o ./src/display_demo.o ./src/main.o ./src/platform.o ./src/timer_ps.o   -Wl,--start-group,-lxil,-lgcc,-lc,--end-group
'Finished building target: base_demo.elf'
' '
'Invoking: ARM Print Size'
arm-xilinx-eabi-size base_demo.elf  |tee "base_demo.elf.size"
   text	   data	    bss	    dec	    hex	filename
  95468	   2528	51714704	51812700	316995c	base_demo.elf
'Finished building: base_demo.elf.size'
' '
11:44:34 **** Incremental Build of configuration Debug for project fsbl ****
make all 
make: No se hace nada para `all'.
11:44:34 **** Incremental Build of configuration Debug for project base_demo ****
make all 
make: No se hace nada para `all'.
11:45:05 **** Auto Build of configuration Debug for project base_demo ****
make all 
'Building file: ../src/main.c'
'Invoking: ARM gcc compiler'
arm-xilinx-eabi-gcc -Wall -O0 -g3 -c -fmessage-length=0 -I../../base_demo_bsp/ps7_cortexa9_0/include -MMD -MP -MF"src/main.d" -MT"src/main.d" -o "src/main.o" "../src/main.c"
'Finished building: ../src/main.c'
' '
'Building target: base_demo.elf'
'Invoking: ARM gcc linker'
arm-xilinx-eabi-gcc -Wl,-T -Wl,../src/lscript.ld -L../../base_demo_bsp/ps7_cortexa9_0/lib -o "base_demo.elf"  ./src/audio_demo.o ./src/display_ctrl.o ./src/display_demo.o ./src/main.o ./src/platform.o ./src/timer_ps.o   -Wl,--start-group,-lxil,-lgcc,-lc,--end-group
'Finished building target: base_demo.elf'
' '
'Invoking: ARM Print Size'
arm-xilinx-eabi-size base_demo.elf  |tee "base_demo.elf.size"
   text	   data	    bss	    dec	    hex	filename
  95468	   2528	51714704	51812700	316995c	base_demo.elf
'Finished building: base_demo.elf.size'
' '
11:45:11 **** Incremental Build of configuration Debug for project fsbl ****
make all 
make: No se hace nada para `all'.
11:45:12 **** Incremental Build of configuration Debug for project base_demo ****
make all 
make: No se hace nada para `all'.
11:46:41 **** Incremental Build of configuration Debug for project fsbl ****
make all 
make: No se hace nada para `all'.
11:46:42 **** Incremental Build of configuration Debug for project base_demo ****
make all 
make: No se hace nada para `all'.
11:48:14 **** Incremental Build of configuration Debug for project fsbl ****
make all 
make: No se hace nada para `all'.
11:48:14 **** Incremental Build of configuration Debug for project base_demo ****
make all 
make: No se hace nada para `all'.
11:51:05 **** Incremental Build of configuration Debug for project fsbl ****
make all 
make: No se hace nada para `all'.
11:51:05 **** Incremental Build of configuration Debug for project base_demo ****
make all 
make: No se hace nada para `all'.
11:52:02 **** Auto Build of configuration Debug for project base_demo ****
make all 
'Building file: ../src/main.c'
'Invoking: ARM gcc compiler'
arm-xilinx-eabi-gcc -Wall -O0 -g3 -c -fmessage-length=0 -I../../base_demo_bsp/ps7_cortexa9_0/include -MMD -MP -MF"src/main.d" -MT"src/main.d" -o "src/main.o" "../src/main.c"
'Finished building: ../src/main.c'
' '
'Building target: base_demo.elf'
'Invoking: ARM gcc linker'
arm-xilinx-eabi-gcc -Wl,-T -Wl,../src/lscript.ld -L../../base_demo_bsp/ps7_cortexa9_0/lib -o "base_demo.elf"  ./src/audio_demo.o ./src/display_ctrl.o ./src/display_demo.o ./src/main.o ./src/platform.o ./src/timer_ps.o   -Wl,--start-group,-lxil,-lgcc,-lc,--end-group
'Finished building target: base_demo.elf'
' '
'Invoking: ARM Print Size'
arm-xilinx-eabi-size base_demo.elf  |tee "base_demo.elf.size"
   text	   data	    bss	    dec	    hex	filename
  95532	   2528	51714704	51812764	316999c	base_demo.elf
'Finished building: base_demo.elf.size'
' '
11:52:13 **** Auto Build of configuration Debug for project base_demo ****
make all 
'Building file: ../src/audio_demo.c'
'Invoking: ARM gcc compiler'
arm-xilinx-eabi-gcc -Wall -O0 -g3 -c -fmessage-length=0 -I../../base_demo_bsp/ps7_cortexa9_0/include -MMD -MP -MF"src/audio_demo.d" -MT"src/audio_demo.d" -o "src/audio_demo.o" "../src/audio_demo.c"
'Finished building: ../src/audio_demo.c'
' '
'Building target: base_demo.elf'
'Invoking: ARM gcc linker'
arm-xilinx-eabi-gcc -Wl,-T -Wl,../src/lscript.ld -L../../base_demo_bsp/ps7_cortexa9_0/lib -o "base_demo.elf"  ./src/audio_demo.o ./src/display_ctrl.o ./src/display_demo.o ./src/main.o ./src/platform.o ./src/timer_ps.o   -Wl,--start-group,-lxil,-lgcc,-lc,--end-group
'Finished building target: base_demo.elf'
' '
'Invoking: ARM Print Size'
arm-xilinx-eabi-size base_demo.elf  |tee "base_demo.elf.size"
   text	   data	    bss	    dec	    hex	filename
  95532	   2528	51714704	51812764	316999c	base_demo.elf
'Finished building: base_demo.elf.size'
' '
11:55:27 **** Auto Build of configuration Debug for project base_demo ****
make all 
'Building file: ../src/audio_demo.c'
'Invoking: ARM gcc compiler'
arm-xilinx-eabi-gcc -Wall -O0 -g3 -c -fmessage-length=0 -I../../base_demo_bsp/ps7_cortexa9_0/include -MMD -MP -MF"src/audio_demo.d" -MT"src/audio_demo.d" -o "src/audio_demo.o" "../src/audio_demo.c"
'Finished building: ../src/audio_demo.c'
' '
'Building target: base_demo.elf'
'Invoking: ARM gcc linker'
arm-xilinx-eabi-gcc -Wl,-T -Wl,../src/lscript.ld -L../../base_demo_bsp/ps7_cortexa9_0/lib -o "base_demo.elf"  ./src/audio_demo.o ./src/display_ctrl.o ./src/display_demo.o ./src/main.o ./src/platform.o ./src/timer_ps.o   -Wl,--start-group,-lxil,-lgcc,-lc,--end-group
'Finished building target: base_demo.elf'
' '
'Invoking: ARM Print Size'
arm-xilinx-eabi-size base_demo.elf  |tee "base_demo.elf.size"
   text	   data	    bss	    dec	    hex	filename
  95556	   2528	51714704	51812788	31699b4	base_demo.elf
'Finished building: base_demo.elf.size'
' '
11:55:33 **** Incremental Build of configuration Debug for project fsbl ****
make all 
make: No se hace nada para `all'.
11:55:33 **** Incremental Build of configuration Debug for project base_demo ****
make all 
make: No se hace nada para `all'.
11:57:24 **** Incremental Build of configuration Debug for project fsbl ****
make all 
make: No se hace nada para `all'.
11:57:25 **** Incremental Build of configuration Debug for project base_demo ****
make all 
make: No se hace nada para `all'.
11:58:39 **** Incremental Build of configuration Debug for project fsbl ****
make all 
make: No se hace nada para `all'.
11:58:40 **** Incremental Build of configuration Debug for project base_demo ****
make all 
make: No se hace nada para `all'.
11:59:58 **** Auto Build of configuration Debug for project base_demo ****
make all 
'Building file: ../src/audio_demo.c'
'Invoking: ARM gcc compiler'
arm-xilinx-eabi-gcc -Wall -O0 -g3 -c -fmessage-length=0 -I../../base_demo_bsp/ps7_cortexa9_0/include -MMD -MP -MF"src/audio_demo.d" -MT"src/audio_demo.d" -o "src/audio_demo.o" "../src/audio_demo.c"
'Finished building: ../src/audio_demo.c'
' '
'Building target: base_demo.elf'
'Invoking: ARM gcc linker'
arm-xilinx-eabi-gcc -Wl,-T -Wl,../src/lscript.ld -L../../base_demo_bsp/ps7_cortexa9_0/lib -o "base_demo.elf"  ./src/audio_demo.o ./src/display_ctrl.o ./src/display_demo.o ./src/main.o ./src/platform.o ./src/timer_ps.o   -Wl,--start-group,-lxil,-lgcc,-lc,--end-group
'Finished building target: base_demo.elf'
' '
'Invoking: ARM Print Size'
arm-xilinx-eabi-size base_demo.elf  |tee "base_demo.elf.size"
   text	   data	    bss	    dec	    hex	filename
  95628	   2528	51714704	51812860	31699fc	base_demo.elf
'Finished building: base_demo.elf.size'
' '
12:00:45 **** Incremental Build of configuration Debug for project fsbl ****
make all 
make: No se hace nada para `all'.
12:00:46 **** Incremental Build of configuration Debug for project base_demo ****
make all 
make: No se hace nada para `all'.
12:01:29 **** Auto Build of configuration Debug for project base_demo ****
make all 
'Building file: ../src/audio_demo.c'
'Invoking: ARM gcc compiler'
arm-xilinx-eabi-gcc -Wall -O0 -g3 -c -fmessage-length=0 -I../../base_demo_bsp/ps7_cortexa9_0/include -MMD -MP -MF"src/audio_demo.d" -MT"src/audio_demo.d" -o "src/audio_demo.o" "../src/audio_demo.c"
'Finished building: ../src/audio_demo.c'
' '
'Building target: base_demo.elf'
'Invoking: ARM gcc linker'
arm-xilinx-eabi-gcc -Wl,-T -Wl,../src/lscript.ld -L../../base_demo_bsp/ps7_cortexa9_0/lib -o "base_demo.elf"  ./src/audio_demo.o ./src/display_ctrl.o ./src/display_demo.o ./src/main.o ./src/platform.o ./src/timer_ps.o   -Wl,--start-group,-lxil,-lgcc,-lc,--end-group
'Finished building target: base_demo.elf'
' '
'Invoking: ARM Print Size'
arm-xilinx-eabi-size base_demo.elf  |tee "base_demo.elf.size"
   text	   data	    bss	    dec	    hex	filename
  95708	   2528	51714704	51812940	3169a4c	base_demo.elf
'Finished building: base_demo.elf.size'
' '
12:02:34 **** Incremental Build of configuration Debug for project fsbl ****
make all 
make: No se hace nada para `all'.
12:02:35 **** Incremental Build of configuration Debug for project base_demo ****
make all 
make: No se hace nada para `all'.
12:06:09 **** Auto Build of configuration Debug for project base_demo ****
make all 
'Building file: ../src/audio_demo.c'
'Invoking: ARM gcc compiler'
arm-xilinx-eabi-gcc -Wall -O0 -g3 -c -fmessage-length=0 -I../../base_demo_bsp/ps7_cortexa9_0/include -MMD -MP -MF"src/audio_demo.d" -MT"src/audio_demo.d" -o "src/audio_demo.o" "../src/audio_demo.c"
'Finished building: ../src/audio_demo.c'
' '
'Building target: base_demo.elf'
'Invoking: ARM gcc linker'
arm-xilinx-eabi-gcc -Wl,-T -Wl,../src/lscript.ld -L../../base_demo_bsp/ps7_cortexa9_0/lib -o "base_demo.elf"  ./src/audio_demo.o ./src/display_ctrl.o ./src/display_demo.o ./src/main.o ./src/platform.o ./src/timer_ps.o   -Wl,--start-group,-lxil,-lgcc,-lc,--end-group
'Finished building target: base_demo.elf'
' '
'Invoking: ARM Print Size'
arm-xilinx-eabi-size base_demo.elf  |tee "base_demo.elf.size"
   text	   data	    bss	    dec	    hex	filename
  95716	   2528	51714704	51812948	3169a54	base_demo.elf
'Finished building: base_demo.elf.size'
' '
12:06:12 **** Incremental Build of configuration Debug for project fsbl ****
make all 
make: No se hace nada para `all'.
12:06:12 **** Incremental Build of configuration Debug for project base_demo ****
make all 
make: No se hace nada para `all'.
12:12:20 **** Auto Build of configuration Debug for project base_demo ****
make all 
'Building file: ../src/audio_demo.c'
'Invoking: ARM gcc compiler'
arm-xilinx-eabi-gcc -Wall -O0 -g3 -c -fmessage-length=0 -I../../base_demo_bsp/ps7_cortexa9_0/include -MMD -MP -MF"src/audio_demo.d" -MT"src/audio_demo.d" -o "src/audio_demo.o" "../src/audio_demo.c"
'Finished building: ../src/audio_demo.c'
' '
'Building target: base_demo.elf'
'Invoking: ARM gcc linker'
arm-xilinx-eabi-gcc -Wl,-T -Wl,../src/lscript.ld -L../../base_demo_bsp/ps7_cortexa9_0/lib -o "base_demo.elf"  ./src/audio_demo.o ./src/display_ctrl.o ./src/display_demo.o ./src/main.o ./src/platform.o ./src/timer_ps.o   -Wl,--start-group,-lxil,-lgcc,-lc,--end-group
'Finished building target: base_demo.elf'
' '
'Invoking: ARM Print Size'
arm-xilinx-eabi-size base_demo.elf  |tee "base_demo.elf.size"
   text	   data	    bss	    dec	    hex	filename
  95716	   2528	51714704	51812948	3169a54	base_demo.elf
'Finished building: base_demo.elf.size'
' '
12:12:25 **** Auto Build of configuration Debug for project base_demo ****
make all 
'Building file: ../src/audio_demo.c'
'Invoking: ARM gcc compiler'
arm-xilinx-eabi-gcc -Wall -O0 -g3 -c -fmessage-length=0 -I../../base_demo_bsp/ps7_cortexa9_0/include -MMD -MP -MF"src/audio_demo.d" -MT"src/audio_demo.d" -o "src/audio_demo.o" "../src/audio_demo.c"
'Finished building: ../src/audio_demo.c'
' '
'Building target: base_demo.elf'
'Invoking: ARM gcc linker'
arm-xilinx-eabi-gcc -Wl,-T -Wl,../src/lscript.ld -L../../base_demo_bsp/ps7_cortexa9_0/lib -o "base_demo.elf"  ./src/audio_demo.o ./src/display_ctrl.o ./src/display_demo.o ./src/main.o ./src/platform.o ./src/timer_ps.o   -Wl,--start-group,-lxil,-lgcc,-lc,--end-group
'Finished building target: base_demo.elf'
' '
'Invoking: ARM Print Size'
arm-xilinx-eabi-size base_demo.elf  |tee "base_demo.elf.size"
   text	   data	    bss	    dec	    hex	filename
  95716	   2528	51714704	51812948	3169a54	base_demo.elf
'Finished building: base_demo.elf.size'
' '
12:12:53 **** Incremental Build of configuration Debug for project fsbl ****
make all 
make: No se hace nada para `all'.
12:12:54 **** Incremental Build of configuration Debug for project base_demo ****
make all 
make: No se hace nada para `all'.
12:23:52 **** Auto Build of configuration Debug for project base_demo ****
make all 
'Building file: ../src/audio_demo.c'
'Invoking: ARM gcc compiler'
arm-xilinx-eabi-gcc -Wall -O0 -g3 -c -fmessage-length=0 -I../../base_demo_bsp/ps7_cortexa9_0/include -MMD -MP -MF"src/audio_demo.d" -MT"src/audio_demo.d" -o "src/audio_demo.o" "../src/audio_demo.c"
'Finished building: ../src/audio_demo.c'
' '
'Building target: base_demo.elf'
'Invoking: ARM gcc linker'
arm-xilinx-eabi-gcc -Wl,-T -Wl,../src/lscript.ld -L../../base_demo_bsp/ps7_cortexa9_0/lib -o "base_demo.elf"  ./src/audio_demo.o ./src/display_ctrl.o ./src/display_demo.o ./src/main.o ./src/platform.o ./src/timer_ps.o   -Wl,--start-group,-lxil,-lgcc,-lc,--end-group
'Finished building target: base_demo.elf'
' '
'Invoking: ARM Print Size'
arm-xilinx-eabi-size base_demo.elf  |tee "base_demo.elf.size"
   text	   data	    bss	    dec	    hex	filename
  95716	   2528	51714704	51812948	3169a54	base_demo.elf
'Finished building: base_demo.elf.size'
' '
