12:23:52 **** Auto Build of configuration Debug for project base_demo ****
make all 
'Building file: ../src/audio_demo.c'
'Invoking: ARM gcc compiler'
arm-xilinx-eabi-gcc -Wall -O0 -g3 -c -fmessage-length=0 -I../../base_demo_bsp/ps7_cortexa9_0/include -MMD -MP -MF"src/audio_demo.d" -MT"src/audio_demo.d" -o "src/audio_demo.o" "../src/audio_demo.c"
'Finished building: ../src/audio_demo.c'
' '
'Building target: base_demo.elf'
'Invoking: ARM gcc linker'
arm-xilinx-eabi-gcc -Wl,-T -Wl,../src/lscript.ld -L../../base_demo_bsp/ps7_cortexa9_0/lib -o "base_demo.elf"  ./src/audio_demo.o ./src/display_ctrl.o ./src/display_demo.o ./src/main.o ./src/platform.o ./src/timer_ps.o   -Wl,--start-group,-lxil,-lgcc,-lc,--end-group
'Finished building target: base_demo.elf'
' '
'Invoking: ARM Print Size'
arm-xilinx-eabi-size base_demo.elf  |tee "base_demo.elf.size"
   text	   data	    bss	    dec	    hex	filename
  95716	   2528	51714704	51812948	3169a54	base_demo.elf
'Finished building: base_demo.elf.size'
' '

12:23:53 Build Finished (took 615ms)

