11:20:49 **** Incremental Build of configuration Debug for project base_demo ****
make all 
make: No se hace nada para `all'.
11:20:57 **** Incremental Build of configuration Debug for project fsbl ****
make all 
make: No se hace nada para `all'.
11:20:57 **** Incremental Build of configuration Debug for project base_demo ****
make all 
make: No se hace nada para `all'.
11:21:36 **** Incremental Build of configuration Debug for project fsbl ****
make all 
make: No se hace nada para `all'.
11:21:37 **** Incremental Build of configuration Debug for project base_demo ****
make all 
make: No se hace nada para `all'.
11:22:12 **** Incremental Build of configuration Debug for project fsbl ****
make all 
make: No se hace nada para `all'.
11:22:13 **** Incremental Build of configuration Debug for project base_demo ****
make all 
make: No se hace nada para `all'.
11:22:29 **** Incremental Build of configuration Debug for project fsbl ****
make all 
make: No se hace nada para `all'.
11:22:29 **** Incremental Build of configuration Debug for project base_demo ****
make all 
make: No se hace nada para `all'.
11:24:31 **** Incremental Build of configuration Debug for project fsbl ****
make all 
make: No se hace nada para `all'.
11:24:32 **** Incremental Build of configuration Debug for project base_demo ****
make all 
make: No se hace nada para `all'.
11:25:22 **** Auto Build of configuration Debug for project base_demo ****
make all 
'Building file: ../src/main.c'
'Invoking: ARM gcc compiler'
arm-xilinx-eabi-gcc -Wall -O0 -g3 -c -fmessage-length=0 -I../../base_demo_bsp/ps7_cortexa9_0/include -MMD -MP -MF"src/main.d" -MT"src/main.d" -o "src/main.o" "../src/main.c"
../src/main.c: In function 'main':
../src/main.c:70:7: warning: variable 'hdmiPtr' set but not used [-Wunused-but-set-variable]
  u32 *hdmiPtr[DISPLAY_NUM_FRAMES];
       ^
../src/main.c:69:7: warning: variable 'vgaPtr' set but not used [-Wunused-but-set-variable]
  u32 *vgaPtr[DISPLAY_NUM_FRAMES];
       ^
'Finished building: ../src/main.c'
' '
'Building target: base_demo.elf'
'Invoking: ARM gcc linker'
arm-xilinx-eabi-gcc -Wl,-T -Wl,../src/lscript.ld -L../../base_demo_bsp/ps7_cortexa9_0/lib -o "base_demo.elf"  ./src/audio_demo.o ./src/display_ctrl.o ./src/display_demo.o ./src/main.o ./src/platform.o ./src/timer_ps.o   -Wl,--start-group,-lxil,-lgcc,-lc,--end-group
'Finished building target: base_demo.elf'
' '
'Invoking: ARM Print Size'
arm-xilinx-eabi-size base_demo.elf  |tee "base_demo.elf.size"
   text	   data	    bss	    dec	    hex	filename
  95332	   2528	51714704	51812564	31698d4	base_demo.elf
'Finished building: base_demo.elf.size'
' '
11:25:39 **** Incremental Build of configuration Debug for project fsbl ****
make all 
make: No se hace nada para `all'.
11:25:39 **** Incremental Build of configuration Debug for project base_demo ****
make all 
make: No se hace nada para `all'.
11:26:24 **** Incremental Build of configuration Debug for project fsbl ****
make all 
make: No se hace nada para `all'.
11:26:24 **** Incremental Build of configuration Debug for project base_demo ****
make all 
make: No se hace nada para `all'.
11:26:56 **** Incremental Build of configuration Debug for project fsbl ****
make all 
make: No se hace nada para `all'.
11:26:56 **** Incremental Build of configuration Debug for project base_demo ****
make all 
make: No se hace nada para `all'.
11:29:13 **** Auto Build of configuration Debug for project base_demo ****
make all 
'Building file: ../src/main.c'
'Invoking: ARM gcc compiler'
arm-xilinx-eabi-gcc -Wall -O0 -g3 -c -fmessage-length=0 -I../../base_demo_bsp/ps7_cortexa9_0/include -MMD -MP -MF"src/main.d" -MT"src/main.d" -o "src/main.o" "../src/main.c"
../src/main.c: In function 'main':
../src/main.c:70:7: warning: variable 'hdmiPtr' set but not used [-Wunused-but-set-variable]
  u32 *hdmiPtr[DISPLAY_NUM_FRAMES];
       ^
'Finished building: ../src/main.c'
' '
'Building target: base_demo.elf'
'Invoking: ARM gcc linker'
arm-xilinx-eabi-gcc -Wl,-T -Wl,../src/lscript.ld -L../../base_demo_bsp/ps7_cortexa9_0/lib -o "base_demo.elf"  ./src/audio_demo.o ./src/display_ctrl.o ./src/display_demo.o ./src/main.o ./src/platform.o ./src/timer_ps.o   -Wl,--start-group,-lxil,-lgcc,-lc,--end-group
'Finished building target: base_demo.elf'
' '
'Invoking: ARM Print Size'
arm-xilinx-eabi-size base_demo.elf  |tee "base_demo.elf.size"
   text	   data	    bss	    dec	    hex	filename
  95396	   2528	51714704	51812628	3169914	base_demo.elf
'Finished building: base_demo.elf.size'
' '
11:29:17 **** Incremental Build of configuration Debug for project fsbl ****
make all 
make: No se hace nada para `all'.
11:29:18 **** Incremental Build of configuration Debug for project base_demo ****
make all 
make: No se hace nada para `all'.
11:35:36 **** Auto Build of configuration Debug for project base_demo ****
make all 
'Building file: ../src/main.c'
'Invoking: ARM gcc compiler'
arm-xilinx-eabi-gcc -Wall -O0 -g3 -c -fmessage-length=0 -I../../base_demo_bsp/ps7_cortexa9_0/include -MMD -MP -MF"src/main.d" -MT"src/main.d" -o "src/main.o" "../src/main.c"
'Finished building: ../src/main.c'
' '
'Building target: base_demo.elf'
'Invoking: ARM gcc linker'
arm-xilinx-eabi-gcc -Wl,-T -Wl,../src/lscript.ld -L../../base_demo_bsp/ps7_cortexa9_0/lib -o "base_demo.elf"  ./src/audio_demo.o ./src/display_ctrl.o ./src/display_demo.o ./src/main.o ./src/platform.o ./src/timer_ps.o   -Wl,--start-group,-lxil,-lgcc,-lc,--end-group
'Finished building target: base_demo.elf'
' '
'Invoking: ARM Print Size'
arm-xilinx-eabi-size base_demo.elf  |tee "base_demo.elf.size"
   text	   data	    bss	    dec	    hex	filename
  95468	   2528	51714704	51812700	316995c	base_demo.elf
'Finished building: base_demo.elf.size'
' '
11:35:40 **** Incremental Build of configuration Debug for project fsbl ****
make all 
make: No se hace nada para `all'.
11:35:41 **** Incremental Build of configuration Debug for project base_demo ****
make all 
make: No se hace nada para `all'.
11:36:13 **** Auto Build of configuration Debug for project base_demo ****
make all 
'Building file: ../src/main.c'
'Invoking: ARM gcc compiler'
arm-xilinx-eabi-gcc -Wall -O0 -g3 -c -fmessage-length=0 -I../../base_demo_bsp/ps7_cortexa9_0/include -MMD -MP -MF"src/main.d" -MT"src/main.d" -o "src/main.o" "../src/main.c"
'Finished building: ../src/main.c'
' '
'Building target: base_demo.elf'
'Invoking: ARM gcc linker'
arm-xilinx-eabi-gcc -Wl,-T -Wl,../src/lscript.ld -L../../base_demo_bsp/ps7_cortexa9_0/lib -o "base_demo.elf"  ./src/audio_demo.o ./src/display_ctrl.o ./src/display_demo.o ./src/main.o ./src/platform.o ./src/timer_ps.o   -Wl,--start-group,-lxil,-lgcc,-lc,--end-group
'Finished building target: base_demo.elf'
' '
'Invoking: ARM Print Size'
arm-xilinx-eabi-size base_demo.elf  |tee "base_demo.elf.size"
   text	   data	    bss	    dec	    hex	filename
  95468	   2528	51714704	51812700	316995c	base_demo.elf
'Finished building: base_demo.elf.size'
' '
11:36:21 **** Incremental Build of configuration Debug for project fsbl ****
make all 
make: No se hace nada para `all'.
11:36:22 **** Incremental Build of configuration Debug for project base_demo ****
make all 
make: No se hace nada para `all'.
11:36:38 **** Incremental Build of configuration Debug for project fsbl ****
make all 
make: No se hace nada para `all'.
11:36:39 **** Incremental Build of configuration Debug for project base_demo ****
make all 
make: No se hace nada para `all'.
11:36:51 **** Incremental Build of configuration Debug for project fsbl ****
make all 
make: No se hace nada para `all'.
11:36:52 **** Incremental Build of configuration Debug for project base_demo ****
make all 
make: No se hace nada para `all'.
11:37:43 **** Incremental Build of configuration Debug for project fsbl ****
make all 
make: No se hace nada para `all'.
11:37:44 **** Incremental Build of configuration Debug for project base_demo ****
make all 
make: No se hace nada para `all'.
11:39:04 **** Incremental Build of configuration Debug for project fsbl ****
make all 
make: No se hace nada para `all'.
11:39:05 **** Incremental Build of configuration Debug for project base_demo ****
make all 
make: No se hace nada para `all'.
11:44:28 **** Auto Build of configuration Debug for project base_demo ****
make all 
'Building file: ../src/main.c'
'Invoking: ARM gcc compiler'
arm-xilinx-eabi-gcc -Wall -O0 -g3 -c -fmessage-length=0 -I../../base_demo_bsp/ps7_cortexa9_0/include -MMD -MP -MF"src/main.d" -MT"src/main.d" -o "src/main.o" "../src/main.c"
'Finished building: ../src/main.c'
' '
'Building target: base_demo.elf'
'Invoking: ARM gcc linker'
arm-xilinx-eabi-gcc -Wl,-T -Wl,../src/lscript.ld -L../../base_demo_bsp/ps7_cortexa9_0/lib -o "base_demo.elf"  ./src/audio_demo.o ./src/display_ctrl.o ./src/display_demo.o ./src/main.o ./src/platform.o ./src/timer_ps.o   -Wl,--start-group,-lxil,-lgcc,-lc,--end-group
'Finished building target: base_demo.elf'
' '
'Invoking: ARM Print Size'
arm-xilinx-eabi-size base_demo.elf  |tee "base_demo.elf.size"
   text	   data	    bss	    dec	    hex	filename
  95468	   2528	51714704	51812700	316995c	base_demo.elf
'Finished building: base_demo.elf.size'
' '
11:44:29 **** Auto Build of configuration Debug for project base_demo ****
make all 
'Building file: ../src/audio_demo.c'
'Invoking: ARM gcc compiler'
arm-xilinx-eabi-gcc -Wall -O0 -g3 -c -fmessage-length=0 -I../../base_demo_bsp/ps7_cortexa9_0/include -MMD -MP -MF"src/audio_demo.d" -MT"src/audio_demo.d" -o "src/audio_demo.o" "../src/audio_demo.c"
'Finished building: ../src/audio_demo.c'
' '
'Building target: base_demo.elf'
'Invoking: ARM gcc linker'
arm-xilinx-eabi-gcc -Wl,-T -Wl,../src/lscript.ld -L../../base_demo_bsp/ps7_cortexa9_0/lib -o "base_demo.elf"  ./src/audio_demo.o ./src/display_ctrl.o ./src/display_demo.o ./src/main.o ./src/platform.o ./src/timer_ps.o   -Wl,--start-group,-lxil,-lgcc,-lc,--end-group
'Finished building target: base_demo.elf'
' '
'Invoking: ARM Print Size'
arm-xilinx-eabi-size base_demo.elf  |tee "base_demo.elf.size"
   text	   data	    bss	    dec	    hex	filename
  95468	   2528	51714704	51812700	316995c	base_demo.elf
'Finished building: base_demo.elf.size'
' '
11:44:34 **** Incremental Build of configuration Debug for project fsbl ****
make all 
make: No se hace nada para `all'.
11:44:34 **** Incremental Build of configuration Debug for project base_demo ****
make all 
make: No se hace nada para `all'.
11:45:05 **** Auto Build of configuration Debug for project base_demo ****
make all 
'Building file: ../src/main.c'
'Invoking: ARM gcc compiler'
arm-xilinx-eabi-gcc -Wall -O0 -g3 -c -fmessage-length=0 -I../../base_demo_bsp/ps7_cortexa9_0/include -MMD -MP -MF"src/main.d" -MT"src/main.d" -o "src/main.o" "../src/main.c"
'Finished building: ../src/main.c'
' '
'Building target: base_demo.elf'
'Invoking: ARM gcc linker'
arm-xilinx-eabi-gcc -Wl,-T -Wl,../src/lscript.ld -L../../base_demo_bsp/ps7_cortexa9_0/lib -o "base_demo.elf"  ./src/audio_demo.o ./src/display_ctrl.o ./src/display_demo.o ./src/main.o ./src/platform.o ./src/timer_ps.o   -Wl,--start-group,-lxil,-lgcc,-lc,--end-group
'Finished building target: base_demo.elf'
' '
'Invoking: ARM Print Size'
arm-xilinx-eabi-size base_demo.elf  |tee "base_demo.elf.size"
   text	   data	    bss	    dec	    hex	filename
  95468	   2528	51714704	51812700	316995c	base_demo.elf
'Finished building: base_demo.elf.size'
' '
11:45:11 **** Incremental Build of configuration Debug for project fsbl ****
make all 
make: No se hace nada para `all'.
11:45:12 **** Incremental Build of configuration Debug for project base_demo ****
make all 
make: No se hace nada para `all'.
11:46:41 **** Incremental Build of configuration Debug for project fsbl ****
make all 
make: No se hace nada para `all'.
11:46:42 **** Incremental Build of configuration Debug for project base_demo ****
make all 
make: No se hace nada para `all'.
11:48:14 **** Incremental Build of configuration Debug for project fsbl ****
make all 
make: No se hace nada para `all'.
11:48:14 **** Incremental Build of configuration Debug for project base_demo ****
make all 
make: No se hace nada para `all'.
11:51:05 **** Incremental Build of configuration Debug for project fsbl ****
make all 
make: No se hace nada para `all'.
11:51:05 **** Incremental Build of configuration Debug for project base_demo ****
make all 
make: No se hace nada para `all'.
11:52:02 **** Auto Build of configuration Debug for project base_demo ****
make all 
'Building file: ../src/main.c'
'Invoking: ARM gcc compiler'
arm-xilinx-eabi-gcc -Wall -O0 -g3 -c -fmessage-length=0 -I../../base_demo_bsp/ps7_cortexa9_0/include -MMD -MP -MF"src/main.d" -MT"src/main.d" -o "src/main.o" "../src/main.c"
'Finished building: ../src/main.c'
' '
'Building target: base_demo.elf'
'Invoking: ARM gcc linker'
arm-xilinx-eabi-gcc -Wl,-T -Wl,../src/lscript.ld -L../../base_demo_bsp/ps7_cortexa9_0/lib -o "base_demo.elf"  ./src/audio_demo.o ./src/display_ctrl.o ./src/display_demo.o ./src/main.o ./src/platform.o ./src/timer_ps.o   -Wl,--start-group,-lxil,-lgcc,-lc,--end-group
'Finished building target: base_demo.elf'
' '
'Invoking: ARM Print Size'
arm-xilinx-eabi-size base_demo.elf  |tee "base_demo.elf.size"
   text	   data	    bss	    dec	    hex	filename
  95532	   2528	51714704	51812764	316999c	base_demo.elf
'Finished building: base_demo.elf.size'
' '
11:52:13 **** Auto Build of configuration Debug for project base_demo ****
make all 
'Building file: ../src/audio_demo.c'
'Invoking: ARM gcc compiler'
arm-xilinx-eabi-gcc -Wall -O0 -g3 -c -fmessage-length=0 -I../../base_demo_bsp/ps7_cortexa9_0/include -MMD -MP -MF"src/audio_demo.d" -MT"src/audio_demo.d" -o "src/audio_demo.o" "../src/audio_demo.c"
'Finished building: ../src/audio_demo.c'
' '
'Building target: base_demo.elf'
'Invoking: ARM gcc linker'
arm-xilinx-eabi-gcc -Wl,-T -Wl,../src/lscript.ld -L../../base_demo_bsp/ps7_cortexa9_0/lib -o "base_demo.elf"  ./src/audio_demo.o ./src/display_ctrl.o ./src/display_demo.o ./src/main.o ./src/platform.o ./src/timer_ps.o   -Wl,--start-group,-lxil,-lgcc,-lc,--end-group
'Finished building target: base_demo.elf'
' '
'Invoking: ARM Print Size'
arm-xilinx-eabi-size base_demo.elf  |tee "base_demo.elf.size"
   text	   data	    bss	    dec	    hex	filename
  95532	   2528	51714704	51812764	316999c	base_demo.elf
'Finished building: base_demo.elf.size'
' '
11:55:27 **** Auto Build of configuration Debug for project base_demo ****
make all 
'Building file: ../src/audio_demo.c'
'Invoking: ARM gcc compiler'
arm-xilinx-eabi-gcc -Wall -O0 -g3 -c -fmessage-length=0 -I../../base_demo_bsp/ps7_cortexa9_0/include -MMD -MP -MF"src/audio_demo.d" -MT"src/audio_demo.d" -o "src/audio_demo.o" "../src/audio_demo.c"
'Finished building: ../src/audio_demo.c'
' '
'Building target: base_demo.elf'
'Invoking: ARM gcc linker'
arm-xilinx-eabi-gcc -Wl,-T -Wl,../src/lscript.ld -L../../base_demo_bsp/ps7_cortexa9_0/lib -o "base_demo.elf"  ./src/audio_demo.o ./src/display_ctrl.o ./src/display_demo.o ./src/main.o ./src/platform.o ./src/timer_ps.o   -Wl,--start-group,-lxil,-lgcc,-lc,--end-group
'Finished building target: base_demo.elf'
' '
'Invoking: ARM Print Size'
arm-xilinx-eabi-size base_demo.elf  |tee "base_demo.elf.size"
   text	   data	    bss	    dec	    hex	filename
  95556	   2528	51714704	51812788	31699b4	base_demo.elf
'Finished building: base_demo.elf.size'
' '
11:55:33 **** Incremental Build of configuration Debug for project fsbl ****
make all 
make: No se hace nada para `all'.
11:55:33 **** Incremental Build of configuration Debug for project base_demo ****
make all 
make: No se hace nada para `all'.
11:57:24 **** Incremental Build of configuration Debug for project fsbl ****
make all 
make: No se hace nada para `all'.
11:57:25 **** Incremental Build of configuration Debug for project base_demo ****
make all 
make: No se hace nada para `all'.
11:58:39 **** Incremental Build of configuration Debug for project fsbl ****
make all 
make: No se hace nada para `all'.
11:58:40 **** Incremental Build of configuration Debug for project base_demo ****
make all 
make: No se hace nada para `all'.
11:59:58 **** Auto Build of configuration Debug for project base_demo ****
make all 
'Building file: ../src/audio_demo.c'
'Invoking: ARM gcc compiler'
arm-xilinx-eabi-gcc -Wall -O0 -g3 -c -fmessage-length=0 -I../../base_demo_bsp/ps7_cortexa9_0/include -MMD -MP -MF"src/audio_demo.d" -MT"src/audio_demo.d" -o "src/audio_demo.o" "../src/audio_demo.c"
'Finished building: ../src/audio_demo.c'
' '
'Building target: base_demo.elf'
'Invoking: ARM gcc linker'
arm-xilinx-eabi-gcc -Wl,-T -Wl,../src/lscript.ld -L../../base_demo_bsp/ps7_cortexa9_0/lib -o "base_demo.elf"  ./src/audio_demo.o ./src/display_ctrl.o ./src/display_demo.o ./src/main.o ./src/platform.o ./src/timer_ps.o   -Wl,--start-group,-lxil,-lgcc,-lc,--end-group
'Finished building target: base_demo.elf'
' '
'Invoking: ARM Print Size'
arm-xilinx-eabi-size base_demo.elf  |tee "base_demo.elf.size"
   text	   data	    bss	    dec	    hex	filename
  95628	   2528	51714704	51812860	31699fc	base_demo.elf
'Finished building: base_demo.elf.size'
' '
12:00:45 **** Incremental Build of configuration Debug for project fsbl ****
make all 
make: No se hace nada para `all'.
12:00:46 **** Incremental Build of configuration Debug for project base_demo ****
make all 
make: No se hace nada para `all'.
12:01:29 **** Auto Build of configuration Debug for project base_demo ****
make all 
'Building file: ../src/audio_demo.c'
'Invoking: ARM gcc compiler'
arm-xilinx-eabi-gcc -Wall -O0 -g3 -c -fmessage-length=0 -I../../base_demo_bsp/ps7_cortexa9_0/include -MMD -MP -MF"src/audio_demo.d" -MT"src/audio_demo.d" -o "src/audio_demo.o" "../src/audio_demo.c"
'Finished building: ../src/audio_demo.c'
' '
'Building target: base_demo.elf'
'Invoking: ARM gcc linker'
arm-xilinx-eabi-gcc -Wl,-T -Wl,../src/lscript.ld -L../../base_demo_bsp/ps7_cortexa9_0/lib -o "base_demo.elf"  ./src/audio_demo.o ./src/display_ctrl.o ./src/display_demo.o ./src/main.o ./src/platform.o ./src/timer_ps.o   -Wl,--start-group,-lxil,-lgcc,-lc,--end-group
'Finished building target: base_demo.elf'
' '
'Invoking: ARM Print Size'
arm-xilinx-eabi-size base_demo.elf  |tee "base_demo.elf.size"
   text	   data	    bss	    dec	    hex	filename
  95708	   2528	51714704	51812940	3169a4c	base_demo.elf
'Finished building: base_demo.elf.size'
' '
12:02:34 **** Incremental Build of configuration Debug for project fsbl ****
make all 
make: No se hace nada para `all'.
12:02:35 **** Incremental Build of configuration Debug for project base_demo ****
make all 
make: No se hace nada para `all'.
12:06:09 **** Auto Build of configuration Debug for project base_demo ****
make all 
'Building file: ../src/audio_demo.c'
'Invoking: ARM gcc compiler'
arm-xilinx-eabi-gcc -Wall -O0 -g3 -c -fmessage-length=0 -I../../base_demo_bsp/ps7_cortexa9_0/include -MMD -MP -MF"src/audio_demo.d" -MT"src/audio_demo.d" -o "src/audio_demo.o" "../src/audio_demo.c"
'Finished building: ../src/audio_demo.c'
' '
'Building target: base_demo.elf'
'Invoking: ARM gcc linker'
arm-xilinx-eabi-gcc -Wl,-T -Wl,../src/lscript.ld -L../../base_demo_bsp/ps7_cortexa9_0/lib -o "base_demo.elf"  ./src/audio_demo.o ./src/display_ctrl.o ./src/display_demo.o ./src/main.o ./src/platform.o ./src/timer_ps.o   -Wl,--start-group,-lxil,-lgcc,-lc,--end-group
'Finished building target: base_demo.elf'
' '
'Invoking: ARM Print Size'
arm-xilinx-eabi-size base_demo.elf  |tee "base_demo.elf.size"
   text	   data	    bss	    dec	    hex	filename
  95716	   2528	51714704	51812948	3169a54	base_demo.elf
'Finished building: base_demo.elf.size'
' '
12:06:12 **** Incremental Build of configuration Debug for project fsbl ****
make all 
make: No se hace nada para `all'.
12:06:12 **** Incremental Build of configuration Debug for project base_demo ****
make all 
make: No se hace nada para `all'.
12:12:20 **** Auto Build of configuration Debug for project base_demo ****
make all 
'Building file: ../src/audio_demo.c'
'Invoking: ARM gcc compiler'
arm-xilinx-eabi-gcc -Wall -O0 -g3 -c -fmessage-length=0 -I../../base_demo_bsp/ps7_cortexa9_0/include -MMD -MP -MF"src/audio_demo.d" -MT"src/audio_demo.d" -o "src/audio_demo.o" "../src/audio_demo.c"
'Finished building: ../src/audio_demo.c'
' '
'Building target: base_demo.elf'
'Invoking: ARM gcc linker'
arm-xilinx-eabi-gcc -Wl,-T -Wl,../src/lscript.ld -L../../base_demo_bsp/ps7_cortexa9_0/lib -o "base_demo.elf"  ./src/audio_demo.o ./src/display_ctrl.o ./src/display_demo.o ./src/main.o ./src/platform.o ./src/timer_ps.o   -Wl,--start-group,-lxil,-lgcc,-lc,--end-group
'Finished building target: base_demo.elf'
' '
'Invoking: ARM Print Size'
arm-xilinx-eabi-size base_demo.elf  |tee "base_demo.elf.size"
   text	   data	    bss	    dec	    hex	filename
  95716	   2528	51714704	51812948	3169a54	base_demo.elf
'Finished building: base_demo.elf.size'
' '
12:12:25 **** Auto Build of configuration Debug for project base_demo ****
make all 
'Building file: ../src/audio_demo.c'
'Invoking: ARM gcc compiler'
arm-xilinx-eabi-gcc -Wall -O0 -g3 -c -fmessage-length=0 -I../../base_demo_bsp/ps7_cortexa9_0/include -MMD -MP -MF"src/audio_demo.d" -MT"src/audio_demo.d" -o "src/audio_demo.o" "../src/audio_demo.c"
'Finished building: ../src/audio_demo.c'
' '
'Building target: base_demo.elf'
'Invoking: ARM gcc linker'
arm-xilinx-eabi-gcc -Wl,-T -Wl,../src/lscript.ld -L../../base_demo_bsp/ps7_cortexa9_0/lib -o "base_demo.elf"  ./src/audio_demo.o ./src/display_ctrl.o ./src/display_demo.o ./src/main.o ./src/platform.o ./src/timer_ps.o   -Wl,--start-group,-lxil,-lgcc,-lc,--end-group
'Finished building target: base_demo.elf'
' '
'Invoking: ARM Print Size'
arm-xilinx-eabi-size base_demo.elf  |tee "base_demo.elf.size"
   text	   data	    bss	    dec	    hex	filename
  95716	   2528	51714704	51812948	3169a54	base_demo.elf
'Finished building: base_demo.elf.size'
' '
12:12:53 **** Incremental Build of configuration Debug for project fsbl ****
make all 
make: No se hace nada para `all'.
12:12:54 **** Incremental Build of configuration Debug for project base_demo ****
make all 
make: No se hace nada para `all'.
12:23:52 **** Auto Build of configuration Debug for project base_demo ****
make all 
'Building file: ../src/audio_demo.c'
'Invoking: ARM gcc compiler'
arm-xilinx-eabi-gcc -Wall -O0 -g3 -c -fmessage-length=0 -I../../base_demo_bsp/ps7_cortexa9_0/include -MMD -MP -MF"src/audio_demo.d" -MT"src/audio_demo.d" -o "src/audio_demo.o" "../src/audio_demo.c"
'Finished building: ../src/audio_demo.c'
' '
'Building target: base_demo.elf'
'Invoking: ARM gcc linker'
arm-xilinx-eabi-gcc -Wl,-T -Wl,../src/lscript.ld -L../../base_demo_bsp/ps7_cortexa9_0/lib -o "base_demo.elf"  ./src/audio_demo.o ./src/display_ctrl.o ./src/display_demo.o ./src/main.o ./src/platform.o ./src/timer_ps.o   -Wl,--start-group,-lxil,-lgcc,-lc,--end-group
'Finished building target: base_demo.elf'
' '
'Invoking: ARM Print Size'
arm-xilinx-eabi-size base_demo.elf  |tee "base_demo.elf.size"
   text	   data	    bss	    dec	    hex	filename
  95716	   2528	51714704	51812948	3169a54	base_demo.elf
'Finished building: base_demo.elf.size'
' '
10:24:54 **** Build of project fsbl_bsp ****
make -k all 
"Running Make include in ps7_cortexa9_0/libsrc/axi_dispctrl_v1_00_a/src"
make -C ps7_cortexa9_0/libsrc/axi_dispctrl_v1_00_a/src -s include  "SHELL=CMD" "COMPILER=arm-xilinx-eabi-gcc" "ARCHIVER=arm-xilinx-eabi-ar" "COMPILER_FLAGS=  -O2 -c" "EXTRA_COMPILER_FLAGS=-g"
"Running Make include in ps7_cortexa9_0/libsrc/axi_i2s_adi_v1_00_a/src"
make -C ps7_cortexa9_0/libsrc/axi_i2s_adi_v1_00_a/src -s include  "SHELL=CMD" "COMPILER=arm-xilinx-eabi-gcc" "ARCHIVER=arm-xilinx-eabi-ar" "COMPILER_FLAGS=  -O2 -c" "EXTRA_COMPILER_FLAGS=-g"
"Running Make include in ps7_cortexa9_0/libsrc/axivdma_v5_0/src"
make -C ps7_cortexa9_0/libsrc/axivdma_v5_0/src -s include  "SHELL=CMD" "COMPILER=arm-xilinx-eabi-gcc" "ARCHIVER=arm-xilinx-eabi-ar" "COMPILER_FLAGS=  -O2 -c" "EXTRA_COMPILER_FLAGS=-g"
"Running Make include in ps7_cortexa9_0/libsrc/common_v1_00_a/src"
make -C ps7_cortexa9_0/libsrc/common_v1_00_a/src -s include  "SHELL=CMD" "COMPILER=arm-xilinx-eabi-gcc" "ARCHIVER=arm-xilinx-eabi-ar" "COMPILER_FLAGS=  -O2 -c" "EXTRA_COMPILER_FLAGS=-g"
"Running Make include in ps7_cortexa9_0/libsrc/cpu_cortexa9_v2_0/src"
make -C ps7_cortexa9_0/libsrc/cpu_cortexa9_v2_0/src -s include  "SHELL=CMD" "COMPILER=arm-xilinx-eabi-gcc" "ARCHIVER=arm-xilinx-eabi-ar" "COMPILER_FLAGS=  -O2 -c" "EXTRA_COMPILER_FLAGS=-g"
"Running Make include in ps7_cortexa9_0/libsrc/devcfg_v3_1/src"
make -C ps7_cortexa9_0/libsrc/devcfg_v3_1/src -s include  "SHELL=CMD" "COMPILER=arm-xilinx-eabi-gcc" "ARCHIVER=arm-xilinx-eabi-ar" "COMPILER_FLAGS=  -O2 -c" "EXTRA_COMPILER_FLAGS=-g"
"Running Make include in ps7_cortexa9_0/libsrc/dmaps_v2_0/src"
make -C ps7_cortexa9_0/libsrc/dmaps_v2_0/src -s include  "SHELL=CMD" "COMPILER=arm-xilinx-eabi-gcc" "ARCHIVER=arm-xilinx-eabi-ar" "COMPILER_FLAGS=  -O2 -c" "EXTRA_COMPILER_FLAGS=-g"
"Running Make include in ps7_cortexa9_0/libsrc/emacps_v2_0/src"
make -C ps7_cortexa9_0/libsrc/emacps_v2_0/src -s include  "SHELL=CMD" "COMPILER=arm-xilinx-eabi-gcc" "ARCHIVER=arm-xilinx-eabi-ar" "COMPILER_FLAGS=  -O2 -c" "EXTRA_COMPILER_FLAGS=-g"
"Running Make include in ps7_cortexa9_0/libsrc/gpio_v4_0/src"
make -C ps7_cortexa9_0/libsrc/gpio_v4_0/src -s include  "SHELL=CMD" "COMPILER=arm-xilinx-eabi-gcc" "ARCHIVER=arm-xilinx-eabi-ar" "COMPILER_FLAGS=  -O2 -c" "EXTRA_COMPILER_FLAGS=-g"
"Running Make include in ps7_cortexa9_0/libsrc/iicps_v2_1/src"
make -C ps7_cortexa9_0/libsrc/iicps_v2_1/src -s include  "SHELL=CMD" "COMPILER=arm-xilinx-eabi-gcc" "ARCHIVER=arm-xilinx-eabi-ar" "COMPILER_FLAGS=  -O2 -c" "EXTRA_COMPILER_FLAGS=-g"
"Running Make include in ps7_cortexa9_0/libsrc/qspips_v3_0/src"
make -C ps7_cortexa9_0/libsrc/qspips_v3_0/src -s include  "SHELL=CMD" "COMPILER=arm-xilinx-eabi-gcc" "ARCHIVER=arm-xilinx-eabi-ar" "COMPILER_FLAGS=  -O2 -c" "EXTRA_COMPILER_FLAGS=-g"
"Running Make include in ps7_cortexa9_0/libsrc/scugic_v2_1/src"
make -C ps7_cortexa9_0/libsrc/scugic_v2_1/src -s include  "SHELL=CMD" "COMPILER=arm-xilinx-eabi-gcc" "ARCHIVER=arm-xilinx-eabi-ar" "COMPILER_FLAGS=  -O2 -c" "EXTRA_COMPILER_FLAGS=-g"
"Running Make include in ps7_cortexa9_0/libsrc/scutimer_v2_0/src"
make -C ps7_cortexa9_0/libsrc/scutimer_v2_0/src -s include  "SHELL=CMD" "COMPILER=arm-xilinx-eabi-gcc" "ARCHIVER=arm-xilinx-eabi-ar" "COMPILER_FLAGS=  -O2 -c" "EXTRA_COMPILER_FLAGS=-g"
"Running Make include in ps7_cortexa9_0/libsrc/scuwdt_v2_0/src"
make -C ps7_cortexa9_0/libsrc/scuwdt_v2_0/src -s include  "SHELL=CMD" "COMPILER=arm-xilinx-eabi-gcc" "ARCHIVER=arm-xilinx-eabi-ar" "COMPILER_FLAGS=  -O2 -c" "EXTRA_COMPILER_FLAGS=-g"
"Running Make include in ps7_cortexa9_0/libsrc/sdps_v2_1/src"
make -C ps7_cortexa9_0/libsrc/sdps_v2_1/src -s include  "SHELL=CMD" "COMPILER=arm-xilinx-eabi-gcc" "ARCHIVER=arm-xilinx-eabi-ar" "COMPILER_FLAGS=  -O2 -c" "EXTRA_COMPILER_FLAGS=-g"
"Running Make include in ps7_cortexa9_0/libsrc/standalone_v4_1/src"
make -C ps7_cortexa9_0/libsrc/standalone_v4_1/src -s include  "SHELL=CMD" "COMPILER=arm-xilinx-eabi-gcc" "ARCHIVER=arm-xilinx-eabi-ar" "COMPILER_FLAGS=  -O2 -c" "EXTRA_COMPILER_FLAGS=-g"
"Running Make include in ps7_cortexa9_0/libsrc/uartps_v2_1/src"
make -C ps7_cortexa9_0/libsrc/uartps_v2_1/src -s include  "SHELL=CMD" "COMPILER=arm-xilinx-eabi-gcc" "ARCHIVER=arm-xilinx-eabi-ar" "COMPILER_FLAGS=  -O2 -c" "EXTRA_COMPILER_FLAGS=-g"
"Running Make include in ps7_cortexa9_0/libsrc/usbps_v2_1/src"
make -C ps7_cortexa9_0/libsrc/usbps_v2_1/src -s include  "SHELL=CMD" "COMPILER=arm-xilinx-eabi-gcc" "ARCHIVER=arm-xilinx-eabi-ar" "COMPILER_FLAGS=  -O2 -c" "EXTRA_COMPILER_FLAGS=-g"
"Running Make include in ps7_cortexa9_0/libsrc/xadcps_v2_0/src"
make -C ps7_cortexa9_0/libsrc/xadcps_v2_0/src -s include  "SHELL=CMD" "COMPILER=arm-xilinx-eabi-gcc" "ARCHIVER=arm-xilinx-eabi-ar" "COMPILER_FLAGS=  -O2 -c" "EXTRA_COMPILER_FLAGS=-g"
"Running Make include in ps7_cortexa9_0/libsrc/xilffs_v2_1/src"
make -C ps7_cortexa9_0/libsrc/xilffs_v2_1/src -s include  "SHELL=CMD" "COMPILER=arm-xilinx-eabi-gcc" "ARCHIVER=arm-xilinx-eabi-ar" "COMPILER_FLAGS=  -O2 -c" "EXTRA_COMPILER_FLAGS=-g"
"Running Make include in ps7_cortexa9_0/libsrc/xilrsa_v1_1/src"
make -C ps7_cortexa9_0/libsrc/xilrsa_v1_1/src -s include  "SHELL=CMD" "COMPILER=arm-xilinx-eabi-gcc" "ARCHIVER=arm-xilinx-eabi-ar" "COMPILER_FLAGS=  -O2 -c" "EXTRA_COMPILER_FLAGS=-g"
"Running Make libs in ps7_cortexa9_0/libsrc/axi_dispctrl_v1_00_a/src"
make -C ps7_cortexa9_0/libsrc/axi_dispctrl_v1_00_a/src -s libs  "SHELL=CMD" "COMPILER=arm-xilinx-eabi-gcc" "ARCHIVER=arm-xilinx-eabi-ar" "COMPILER_FLAGS=  -O2 -c" "EXTRA_COMPILER_FLAGS=-g"
"Compiling axi_dispctrl..."
In file included from axi_dispctrl.h:7:0,
                 from axi_dispctrl.c:4:
../../../include/xbasic_types.h:124:2: warning: #warning The xbasics_type.h file is deprecated and users should use xil_types.h and xil_assert. [-Wcpp]
 #warning  The xbasics_type.h file is deprecated and users should use xil_types.h and xil_assert.
  ^
../../../include/xbasic_types.h:125:2: warning: #warning Please refer the Standalone BSP UG647 for further details [-Wcpp]
 #warning  Please refer the Standalone BSP UG647 for further details
  ^
In file included from axi_dispctrl.h:7:0,
                 from axi_dispctrl_selftest.c:3:
../../../include/xbasic_types.h:124:2: warning: #warning The xbasics_type.h file is deprecated and users should use xil_types.h and xil_assert. [-Wcpp]
 #warning  The xbasics_type.h file is deprecated and users should use xil_types.h and xil_assert.
  ^
../../../include/xbasic_types.h:125:2: warning: #warning Please refer the Standalone BSP UG647 for further details [-Wcpp]
 #warning  Please refer the Standalone BSP UG647 for further details
  ^
"Running Make libs in ps7_cortexa9_0/libsrc/axi_i2s_adi_v1_00_a/src"
make -C ps7_cortexa9_0/libsrc/axi_i2s_adi_v1_00_a/src -s libs  "SHELL=CMD" "COMPILER=arm-xilinx-eabi-gcc" "ARCHIVER=arm-xilinx-eabi-ar" "COMPILER_FLAGS=  -O2 -c" "EXTRA_COMPILER_FLAGS=-g"
"Compiling axi_i2s_adi..."
In file included from axi_i2s_adi.h:7:0,
                 from axi_i2s_adi.c:4:
../../../include/xbasic_types.h:124:2: warning: #warning The xbasics_type.h file is deprecated and users should use xil_types.h and xil_assert. [-Wcpp]
 #warning  The xbasics_type.h file is deprecated and users should use xil_types.h and xil_assert.
  ^
../../../include/xbasic_types.h:125:2: warning: #warning Please refer the Standalone BSP UG647 for further details [-Wcpp]
 #warning  Please refer the Standalone BSP UG647 for further details
  ^
In file included from axi_i2s_adi.h:7:0,
                 from axi_i2s_adi_selftest.c:3:
../../../include/xbasic_types.h:124:2: warning: #warning The xbasics_type.h file is deprecated and users should use xil_types.h and xil_assert. [-Wcpp]
 #warning  The xbasics_type.h file is deprecated and users should use xil_types.h and xil_assert.
  ^
../../../include/xbasic_types.h:125:2: warning: #warning Please refer the Standalone BSP UG647 for further details [-Wcpp]
 #warning  Please refer the Standalone BSP UG647 for further details
  ^
"Running Make libs in ps7_cortexa9_0/libsrc/axivdma_v5_0/src"
make -C ps7_cortexa9_0/libsrc/axivdma_v5_0/src -s libs  "SHELL=CMD" "COMPILER=arm-xilinx-eabi-gcc" "ARCHIVER=arm-xilinx-eabi-ar" "COMPILER_FLAGS=  -O2 -c" "EXTRA_COMPILER_FLAGS=-g"
"Compiling axivdma"
"Running Make libs in ps7_cortexa9_0/libsrc/common_v1_00_a/src"
make -C ps7_cortexa9_0/libsrc/common_v1_00_a/src -s libs  "SHELL=CMD" "COMPILER=arm-xilinx-eabi-gcc" "ARCHIVER=arm-xilinx-eabi-ar" "COMPILER_FLAGS=  -O2 -c" "EXTRA_COMPILER_FLAGS=-g"
"Compiling common"
"Running Make libs in ps7_cortexa9_0/libsrc/cpu_cortexa9_v2_0/src"
make -C ps7_cortexa9_0/libsrc/cpu_cortexa9_v2_0/src -s libs  "SHELL=CMD" "COMPILER=arm-xilinx-eabi-gcc" "ARCHIVER=arm-xilinx-eabi-ar" "COMPILER_FLAGS=  -O2 -c" "EXTRA_COMPILER_FLAGS=-g"
"Compiling cpu_cortexa9"
"Running Make libs in ps7_cortexa9_0/libsrc/devcfg_v3_1/src"
make -C ps7_cortexa9_0/libsrc/devcfg_v3_1/src -s libs  "SHELL=CMD" "COMPILER=arm-xilinx-eabi-gcc" "ARCHIVER=arm-xilinx-eabi-ar" "COMPILER_FLAGS=  -O2 -c" "EXTRA_COMPILER_FLAGS=-g"
"Compiling devcfg"
"Running Make libs in ps7_cortexa9_0/libsrc/dmaps_v2_0/src"
make -C ps7_cortexa9_0/libsrc/dmaps_v2_0/src -s libs  "SHELL=CMD" "COMPILER=arm-xilinx-eabi-gcc" "ARCHIVER=arm-xilinx-eabi-ar" "COMPILER_FLAGS=  -O2 -c" "EXTRA_COMPILER_FLAGS=-g"
"Compiling dmaps"
"Running Make libs in ps7_cortexa9_0/libsrc/emacps_v2_0/src"
make -C ps7_cortexa9_0/libsrc/emacps_v2_0/src -s libs  "SHELL=CMD" "COMPILER=arm-xilinx-eabi-gcc" "ARCHIVER=arm-xilinx-eabi-ar" "COMPILER_FLAGS=  -O2 -c" "EXTRA_COMPILER_FLAGS=-g"
"Compiling emacps"
"Running Make libs in ps7_cortexa9_0/libsrc/gpio_v4_0/src"
make -C ps7_cortexa9_0/libsrc/gpio_v4_0/src -s libs  "SHELL=CMD" "COMPILER=arm-xilinx-eabi-gcc" "ARCHIVER=arm-xilinx-eabi-ar" "COMPILER_FLAGS=  -O2 -c" "EXTRA_COMPILER_FLAGS=-g"
"Compiling gpio"
"Running Make libs in ps7_cortexa9_0/libsrc/iicps_v2_1/src"
make -C ps7_cortexa9_0/libsrc/iicps_v2_1/src -s libs  "SHELL=CMD" "COMPILER=arm-xilinx-eabi-gcc" "ARCHIVER=arm-xilinx-eabi-ar" "COMPILER_FLAGS=  -O2 -c" "EXTRA_COMPILER_FLAGS=-g"
"Compiling iicps"
"Running Make libs in ps7_cortexa9_0/libsrc/qspips_v3_0/src"
make -C ps7_cortexa9_0/libsrc/qspips_v3_0/src -s libs  "SHELL=CMD" "COMPILER=arm-xilinx-eabi-gcc" "ARCHIVER=arm-xilinx-eabi-ar" "COMPILER_FLAGS=  -O2 -c" "EXTRA_COMPILER_FLAGS=-g"
"Compiling qspips"
"Running Make libs in ps7_cortexa9_0/libsrc/scugic_v2_1/src"
make -C ps7_cortexa9_0/libsrc/scugic_v2_1/src -s libs  "SHELL=CMD" "COMPILER=arm-xilinx-eabi-gcc" "ARCHIVER=arm-xilinx-eabi-ar" "COMPILER_FLAGS=  -O2 -c" "EXTRA_COMPILER_FLAGS=-g"
"Compiling scugic"
"Running Make libs in ps7_cortexa9_0/libsrc/scutimer_v2_0/src"
make -C ps7_cortexa9_0/libsrc/scutimer_v2_0/src -s libs  "SHELL=CMD" "COMPILER=arm-xilinx-eabi-gcc" "ARCHIVER=arm-xilinx-eabi-ar" "COMPILER_FLAGS=  -O2 -c" "EXTRA_COMPILER_FLAGS=-g"
"Compiling scutimer"
"Running Make libs in ps7_cortexa9_0/libsrc/scuwdt_v2_0/src"
make -C ps7_cortexa9_0/libsrc/scuwdt_v2_0/src -s libs  "SHELL=CMD" "COMPILER=arm-xilinx-eabi-gcc" "ARCHIVER=arm-xilinx-eabi-ar" "COMPILER_FLAGS=  -O2 -c" "EXTRA_COMPILER_FLAGS=-g"
"Compiling scuwdt"
"Running Make libs in ps7_cortexa9_0/libsrc/sdps_v2_1/src"
make -C ps7_cortexa9_0/libsrc/sdps_v2_1/src -s libs  "SHELL=CMD" "COMPILER=arm-xilinx-eabi-gcc" "ARCHIVER=arm-xilinx-eabi-ar" "COMPILER_FLAGS=  -O2 -c" "EXTRA_COMPILER_FLAGS=-g"
"Compiling sdps"
"Running Make libs in ps7_cortexa9_0/libsrc/standalone_v4_1/src"
make -C ps7_cortexa9_0/libsrc/standalone_v4_1/src -s libs  "SHELL=CMD" "COMPILER=arm-xilinx-eabi-gcc" "ARCHIVER=arm-xilinx-eabi-ar" "COMPILER_FLAGS=  -O2 -c" "EXTRA_COMPILER_FLAGS=-g"
"Compiling standalone"
"Running Make libs in ps7_cortexa9_0/libsrc/uartps_v2_1/src"
make -C ps7_cortexa9_0/libsrc/uartps_v2_1/src -s libs  "SHELL=CMD" "COMPILER=arm-xilinx-eabi-gcc" "ARCHIVER=arm-xilinx-eabi-ar" "COMPILER_FLAGS=  -O2 -c" "EXTRA_COMPILER_FLAGS=-g"
"Compiling uartps"
"Running Make libs in ps7_cortexa9_0/libsrc/usbps_v2_1/src"
make -C ps7_cortexa9_0/libsrc/usbps_v2_1/src -s libs  "SHELL=CMD" "COMPILER=arm-xilinx-eabi-gcc" "ARCHIVER=arm-xilinx-eabi-ar" "COMPILER_FLAGS=  -O2 -c" "EXTRA_COMPILER_FLAGS=-g"
"Compiling usbps"
"Running Make libs in ps7_cortexa9_0/libsrc/xadcps_v2_0/src"
make -C ps7_cortexa9_0/libsrc/xadcps_v2_0/src -s libs  "SHELL=CMD" "COMPILER=arm-xilinx-eabi-gcc" "ARCHIVER=arm-xilinx-eabi-ar" "COMPILER_FLAGS=  -O2 -c" "EXTRA_COMPILER_FLAGS=-g"
"Compiling xadcps"
"Running Make libs in ps7_cortexa9_0/libsrc/xilffs_v2_1/src"
make -C ps7_cortexa9_0/libsrc/xilffs_v2_1/src -s libs  "SHELL=CMD" "COMPILER=arm-xilinx-eabi-gcc" "ARCHIVER=arm-xilinx-eabi-ar" "COMPILER_FLAGS=  -O2 -c" "EXTRA_COMPILER_FLAGS=-g"
"Compiling XilFFs Library"
"Creating archive libxilffs.a"
"Running Make libs in ps7_cortexa9_0/libsrc/xilrsa_v1_1/src"
make -C ps7_cortexa9_0/libsrc/xilrsa_v1_1/src -s libs  "SHELL=CMD" "COMPILER=arm-xilinx-eabi-gcc" "ARCHIVER=arm-xilinx-eabi-ar" "COMPILER_FLAGS=  -O2 -c" "EXTRA_COMPILER_FLAGS=-g"
'Finished building libraries'
10:25:12 **** Build of configuration Debug for project fsbl ****
make all 
make: No se hace nada para `all'.
10:25:13 **** Build of project base_demo_bsp ****
make -k all 
"Running Make include in ps7_cortexa9_0/libsrc/axi_dispctrl_v1_00_a/src"
make -C ps7_cortexa9_0/libsrc/axi_dispctrl_v1_00_a/src -s include  "SHELL=CMD" "COMPILER=arm-xilinx-eabi-gcc" "ARCHIVER=arm-xilinx-eabi-ar" "COMPILER_FLAGS=  -O2 -c" "EXTRA_COMPILER_FLAGS=-g"
"Running Make include in ps7_cortexa9_0/libsrc/axi_i2s_adi_v1_00_a/src"
make -C ps7_cortexa9_0/libsrc/axi_i2s_adi_v1_00_a/src -s include  "SHELL=CMD" "COMPILER=arm-xilinx-eabi-gcc" "ARCHIVER=arm-xilinx-eabi-ar" "COMPILER_FLAGS=  -O2 -c" "EXTRA_COMPILER_FLAGS=-g"
"Running Make include in ps7_cortexa9_0/libsrc/axivdma_v5_0/src"
make -C ps7_cortexa9_0/libsrc/axivdma_v5_0/src -s include  "SHELL=CMD" "COMPILER=arm-xilinx-eabi-gcc" "ARCHIVER=arm-xilinx-eabi-ar" "COMPILER_FLAGS=  -O2 -c" "EXTRA_COMPILER_FLAGS=-g"
"Running Make include in ps7_cortexa9_0/libsrc/common_v1_00_a/src"
make -C ps7_cortexa9_0/libsrc/common_v1_00_a/src -s include  "SHELL=CMD" "COMPILER=arm-xilinx-eabi-gcc" "ARCHIVER=arm-xilinx-eabi-ar" "COMPILER_FLAGS=  -O2 -c" "EXTRA_COMPILER_FLAGS=-g"
"Running Make include in ps7_cortexa9_0/libsrc/cpu_cortexa9_v2_0/src"
make -C ps7_cortexa9_0/libsrc/cpu_cortexa9_v2_0/src -s include  "SHELL=CMD" "COMPILER=arm-xilinx-eabi-gcc" "ARCHIVER=arm-xilinx-eabi-ar" "COMPILER_FLAGS=  -O2 -c" "EXTRA_COMPILER_FLAGS=-g"
"Running Make include in ps7_cortexa9_0/libsrc/devcfg_v3_1/src"
make -C ps7_cortexa9_0/libsrc/devcfg_v3_1/src -s include  "SHELL=CMD" "COMPILER=arm-xilinx-eabi-gcc" "ARCHIVER=arm-xilinx-eabi-ar" "COMPILER_FLAGS=  -O2 -c" "EXTRA_COMPILER_FLAGS=-g"
"Running Make include in ps7_cortexa9_0/libsrc/dmaps_v2_0/src"
make -C ps7_cortexa9_0/libsrc/dmaps_v2_0/src -s include  "SHELL=CMD" "COMPILER=arm-xilinx-eabi-gcc" "ARCHIVER=arm-xilinx-eabi-ar" "COMPILER_FLAGS=  -O2 -c" "EXTRA_COMPILER_FLAGS=-g"
"Running Make include in ps7_cortexa9_0/libsrc/emacps_v2_0/src"
make -C ps7_cortexa9_0/libsrc/emacps_v2_0/src -s include  "SHELL=CMD" "COMPILER=arm-xilinx-eabi-gcc" "ARCHIVER=arm-xilinx-eabi-ar" "COMPILER_FLAGS=  -O2 -c" "EXTRA_COMPILER_FLAGS=-g"
"Running Make include in ps7_cortexa9_0/libsrc/gpio_v4_0/src"
make -C ps7_cortexa9_0/libsrc/gpio_v4_0/src -s include  "SHELL=CMD" "COMPILER=arm-xilinx-eabi-gcc" "ARCHIVER=arm-xilinx-eabi-ar" "COMPILER_FLAGS=  -O2 -c" "EXTRA_COMPILER_FLAGS=-g"
"Running Make include in ps7_cortexa9_0/libsrc/iicps_v2_1/src"
make -C ps7_cortexa9_0/libsrc/iicps_v2_1/src -s include  "SHELL=CMD" "COMPILER=arm-xilinx-eabi-gcc" "ARCHIVER=arm-xilinx-eabi-ar" "COMPILER_FLAGS=  -O2 -c" "EXTRA_COMPILER_FLAGS=-g"
"Running Make include in ps7_cortexa9_0/libsrc/qspips_v3_0/src"
make -C ps7_cortexa9_0/libsrc/qspips_v3_0/src -s include  "SHELL=CMD" "COMPILER=arm-xilinx-eabi-gcc" "ARCHIVER=arm-xilinx-eabi-ar" "COMPILER_FLAGS=  -O2 -c" "EXTRA_COMPILER_FLAGS=-g"
"Running Make include in ps7_cortexa9_0/libsrc/scugic_v2_1/src"
make -C ps7_cortexa9_0/libsrc/scugic_v2_1/src -s include  "SHELL=CMD" "COMPILER=arm-xilinx-eabi-gcc" "ARCHIVER=arm-xilinx-eabi-ar" "COMPILER_FLAGS=  -O2 -c" "EXTRA_COMPILER_FLAGS=-g"
"Running Make include in ps7_cortexa9_0/libsrc/scutimer_v2_0/src"
make -C ps7_cortexa9_0/libsrc/scutimer_v2_0/src -s include  "SHELL=CMD" "COMPILER=arm-xilinx-eabi-gcc" "ARCHIVER=arm-xilinx-eabi-ar" "COMPILER_FLAGS=  -O2 -c" "EXTRA_COMPILER_FLAGS=-g"
"Running Make include in ps7_cortexa9_0/libsrc/scuwdt_v2_0/src"
make -C ps7_cortexa9_0/libsrc/scuwdt_v2_0/src -s include  "SHELL=CMD" "COMPILER=arm-xilinx-eabi-gcc" "ARCHIVER=arm-xilinx-eabi-ar" "COMPILER_FLAGS=  -O2 -c" "EXTRA_COMPILER_FLAGS=-g"
"Running Make include in ps7_cortexa9_0/libsrc/sdps_v2_1/src"
make -C ps7_cortexa9_0/libsrc/sdps_v2_1/src -s include  "SHELL=CMD" "COMPILER=arm-xilinx-eabi-gcc" "ARCHIVER=arm-xilinx-eabi-ar" "COMPILER_FLAGS=  -O2 -c" "EXTRA_COMPILER_FLAGS=-g"
"Running Make include in ps7_cortexa9_0/libsrc/standalone_v4_1/src"
make -C ps7_cortexa9_0/libsrc/standalone_v4_1/src -s include  "SHELL=CMD" "COMPILER=arm-xilinx-eabi-gcc" "ARCHIVER=arm-xilinx-eabi-ar" "COMPILER_FLAGS=  -O2 -c" "EXTRA_COMPILER_FLAGS=-g"
"Running Make include in ps7_cortexa9_0/libsrc/uartps_v2_1/src"
make -C ps7_cortexa9_0/libsrc/uartps_v2_1/src -s include  "SHELL=CMD" "COMPILER=arm-xilinx-eabi-gcc" "ARCHIVER=arm-xilinx-eabi-ar" "COMPILER_FLAGS=  -O2 -c" "EXTRA_COMPILER_FLAGS=-g"
"Running Make include in ps7_cortexa9_0/libsrc/usbps_v2_1/src"
make -C ps7_cortexa9_0/libsrc/usbps_v2_1/src -s include  "SHELL=CMD" "COMPILER=arm-xilinx-eabi-gcc" "ARCHIVER=arm-xilinx-eabi-ar" "COMPILER_FLAGS=  -O2 -c" "EXTRA_COMPILER_FLAGS=-g"
"Running Make include in ps7_cortexa9_0/libsrc/xadcps_v2_0/src"
make -C ps7_cortexa9_0/libsrc/xadcps_v2_0/src -s include  "SHELL=CMD" "COMPILER=arm-xilinx-eabi-gcc" "ARCHIVER=arm-xilinx-eabi-ar" "COMPILER_FLAGS=  -O2 -c" "EXTRA_COMPILER_FLAGS=-g"
"Running Make libs in ps7_cortexa9_0/libsrc/axi_dispctrl_v1_00_a/src"
make -C ps7_cortexa9_0/libsrc/axi_dispctrl_v1_00_a/src -s libs  "SHELL=CMD" "COMPILER=arm-xilinx-eabi-gcc" "ARCHIVER=arm-xilinx-eabi-ar" "COMPILER_FLAGS=  -O2 -c" "EXTRA_COMPILER_FLAGS=-g"
"Compiling axi_dispctrl..."
In file included from axi_dispctrl.h:7:0,
                 from axi_dispctrl.c:4:
../../../include/xbasic_types.h:124:2: warning: #warning The xbasics_type.h file is deprecated and users should use xil_types.h and xil_assert. [-Wcpp]
 #warning  The xbasics_type.h file is deprecated and users should use xil_types.h and xil_assert.
  ^
../../../include/xbasic_types.h:125:2: warning: #warning Please refer the Standalone BSP UG647 for further details [-Wcpp]
 #warning  Please refer the Standalone BSP UG647 for further details
  ^
In file included from axi_dispctrl.h:7:0,
                 from axi_dispctrl_selftest.c:3:
../../../include/xbasic_types.h:124:2: warning: #warning The xbasics_type.h file is deprecated and users should use xil_types.h and xil_assert. [-Wcpp]
 #warning  The xbasics_type.h file is deprecated and users should use xil_types.h and xil_assert.
  ^
../../../include/xbasic_types.h:125:2: warning: #warning Please refer the Standalone BSP UG647 for further details [-Wcpp]
 #warning  Please refer the Standalone BSP UG647 for further details
  ^
"Running Make libs in ps7_cortexa9_0/libsrc/axi_i2s_adi_v1_00_a/src"
make -C ps7_cortexa9_0/libsrc/axi_i2s_adi_v1_00_a/src -s libs  "SHELL=CMD" "COMPILER=arm-xilinx-eabi-gcc" "ARCHIVER=arm-xilinx-eabi-ar" "COMPILER_FLAGS=  -O2 -c" "EXTRA_COMPILER_FLAGS=-g"
"Compiling axi_i2s_adi..."
In file included from axi_i2s_adi.h:7:0,
                 from axi_i2s_adi.c:4:
../../../include/xbasic_types.h:124:2: warning: #warning The xbasics_type.h file is deprecated and users should use xil_types.h and xil_assert. [-Wcpp]
 #warning  The xbasics_type.h file is deprecated and users should use xil_types.h and xil_assert.
  ^
../../../include/xbasic_types.h:125:2: warning: #warning Please refer the Standalone BSP UG647 for further details [-Wcpp]
 #warning  Please refer the Standalone BSP UG647 for further details
  ^
In file included from axi_i2s_adi.h:7:0,
                 from axi_i2s_adi_selftest.c:3:
../../../include/xbasic_types.h:124:2: warning: #warning The xbasics_type.h file is deprecated and users should use xil_types.h and xil_assert. [-Wcpp]
 #warning  The xbasics_type.h file is deprecated and users should use xil_types.h and xil_assert.
  ^
../../../include/xbasic_types.h:125:2: warning: #warning Please refer the Standalone BSP UG647 for further details [-Wcpp]
 #warning  Please refer the Standalone BSP UG647 for further details
  ^
"Running Make libs in ps7_cortexa9_0/libsrc/axivdma_v5_0/src"
make -C ps7_cortexa9_0/libsrc/axivdma_v5_0/src -s libs  "SHELL=CMD" "COMPILER=arm-xilinx-eabi-gcc" "ARCHIVER=arm-xilinx-eabi-ar" "COMPILER_FLAGS=  -O2 -c" "EXTRA_COMPILER_FLAGS=-g"
"Compiling axivdma"
"Running Make libs in ps7_cortexa9_0/libsrc/common_v1_00_a/src"
make -C ps7_cortexa9_0/libsrc/common_v1_00_a/src -s libs  "SHELL=CMD" "COMPILER=arm-xilinx-eabi-gcc" "ARCHIVER=arm-xilinx-eabi-ar" "COMPILER_FLAGS=  -O2 -c" "EXTRA_COMPILER_FLAGS=-g"
"Compiling common"
"Running Make libs in ps7_cortexa9_0/libsrc/cpu_cortexa9_v2_0/src"
make -C ps7_cortexa9_0/libsrc/cpu_cortexa9_v2_0/src -s libs  "SHELL=CMD" "COMPILER=arm-xilinx-eabi-gcc" "ARCHIVER=arm-xilinx-eabi-ar" "COMPILER_FLAGS=  -O2 -c" "EXTRA_COMPILER_FLAGS=-g"
"Compiling cpu_cortexa9"
"Running Make libs in ps7_cortexa9_0/libsrc/devcfg_v3_1/src"
make -C ps7_cortexa9_0/libsrc/devcfg_v3_1/src -s libs  "SHELL=CMD" "COMPILER=arm-xilinx-eabi-gcc" "ARCHIVER=arm-xilinx-eabi-ar" "COMPILER_FLAGS=  -O2 -c" "EXTRA_COMPILER_FLAGS=-g"
"Compiling devcfg"
"Running Make libs in ps7_cortexa9_0/libsrc/dmaps_v2_0/src"
make -C ps7_cortexa9_0/libsrc/dmaps_v2_0/src -s libs  "SHELL=CMD" "COMPILER=arm-xilinx-eabi-gcc" "ARCHIVER=arm-xilinx-eabi-ar" "COMPILER_FLAGS=  -O2 -c" "EXTRA_COMPILER_FLAGS=-g"
"Compiling dmaps"
"Running Make libs in ps7_cortexa9_0/libsrc/emacps_v2_0/src"
make -C ps7_cortexa9_0/libsrc/emacps_v2_0/src -s libs  "SHELL=CMD" "COMPILER=arm-xilinx-eabi-gcc" "ARCHIVER=arm-xilinx-eabi-ar" "COMPILER_FLAGS=  -O2 -c" "EXTRA_COMPILER_FLAGS=-g"
"Compiling emacps"
"Running Make libs in ps7_cortexa9_0/libsrc/gpio_v4_0/src"
make -C ps7_cortexa9_0/libsrc/gpio_v4_0/src -s libs  "SHELL=CMD" "COMPILER=arm-xilinx-eabi-gcc" "ARCHIVER=arm-xilinx-eabi-ar" "COMPILER_FLAGS=  -O2 -c" "EXTRA_COMPILER_FLAGS=-g"
"Compiling gpio"
"Running Make libs in ps7_cortexa9_0/libsrc/iicps_v2_1/src"
make -C ps7_cortexa9_0/libsrc/iicps_v2_1/src -s libs  "SHELL=CMD" "COMPILER=arm-xilinx-eabi-gcc" "ARCHIVER=arm-xilinx-eabi-ar" "COMPILER_FLAGS=  -O2 -c" "EXTRA_COMPILER_FLAGS=-g"
"Compiling iicps"
"Running Make libs in ps7_cortexa9_0/libsrc/qspips_v3_0/src"
make -C ps7_cortexa9_0/libsrc/qspips_v3_0/src -s libs  "SHELL=CMD" "COMPILER=arm-xilinx-eabi-gcc" "ARCHIVER=arm-xilinx-eabi-ar" "COMPILER_FLAGS=  -O2 -c" "EXTRA_COMPILER_FLAGS=-g"
"Compiling qspips"
"Running Make libs in ps7_cortexa9_0/libsrc/scugic_v2_1/src"
make -C ps7_cortexa9_0/libsrc/scugic_v2_1/src -s libs  "SHELL=CMD" "COMPILER=arm-xilinx-eabi-gcc" "ARCHIVER=arm-xilinx-eabi-ar" "COMPILER_FLAGS=  -O2 -c" "EXTRA_COMPILER_FLAGS=-g"
"Compiling scugic"
"Running Make libs in ps7_cortexa9_0/libsrc/scutimer_v2_0/src"
make -C ps7_cortexa9_0/libsrc/scutimer_v2_0/src -s libs  "SHELL=CMD" "COMPILER=arm-xilinx-eabi-gcc" "ARCHIVER=arm-xilinx-eabi-ar" "COMPILER_FLAGS=  -O2 -c" "EXTRA_COMPILER_FLAGS=-g"
"Compiling scutimer"
"Running Make libs in ps7_cortexa9_0/libsrc/scuwdt_v2_0/src"
make -C ps7_cortexa9_0/libsrc/scuwdt_v2_0/src -s libs  "SHELL=CMD" "COMPILER=arm-xilinx-eabi-gcc" "ARCHIVER=arm-xilinx-eabi-ar" "COMPILER_FLAGS=  -O2 -c" "EXTRA_COMPILER_FLAGS=-g"
"Compiling scuwdt"
"Running Make libs in ps7_cortexa9_0/libsrc/sdps_v2_1/src"
make -C ps7_cortexa9_0/libsrc/sdps_v2_1/src -s libs  "SHELL=CMD" "COMPILER=arm-xilinx-eabi-gcc" "ARCHIVER=arm-xilinx-eabi-ar" "COMPILER_FLAGS=  -O2 -c" "EXTRA_COMPILER_FLAGS=-g"
"Compiling sdps"
"Running Make libs in ps7_cortexa9_0/libsrc/standalone_v4_1/src"
make -C ps7_cortexa9_0/libsrc/standalone_v4_1/src -s libs  "SHELL=CMD" "COMPILER=arm-xilinx-eabi-gcc" "ARCHIVER=arm-xilinx-eabi-ar" "COMPILER_FLAGS=  -O2 -c" "EXTRA_COMPILER_FLAGS=-g"
"Compiling standalone"
"Running Make libs in ps7_cortexa9_0/libsrc/uartps_v2_1/src"
make -C ps7_cortexa9_0/libsrc/uartps_v2_1/src -s libs  "SHELL=CMD" "COMPILER=arm-xilinx-eabi-gcc" "ARCHIVER=arm-xilinx-eabi-ar" "COMPILER_FLAGS=  -O2 -c" "EXTRA_COMPILER_FLAGS=-g"
"Compiling uartps"
"Running Make libs in ps7_cortexa9_0/libsrc/usbps_v2_1/src"
make -C ps7_cortexa9_0/libsrc/usbps_v2_1/src -s libs  "SHELL=CMD" "COMPILER=arm-xilinx-eabi-gcc" "ARCHIVER=arm-xilinx-eabi-ar" "COMPILER_FLAGS=  -O2 -c" "EXTRA_COMPILER_FLAGS=-g"
"Compiling usbps"
"Running Make libs in ps7_cortexa9_0/libsrc/xadcps_v2_0/src"
make -C ps7_cortexa9_0/libsrc/xadcps_v2_0/src -s libs  "SHELL=CMD" "COMPILER=arm-xilinx-eabi-gcc" "ARCHIVER=arm-xilinx-eabi-ar" "COMPILER_FLAGS=  -O2 -c" "EXTRA_COMPILER_FLAGS=-g"
"Compiling xadcps"
'Finished building libraries'
10:25:28 **** Build of configuration Debug for project base_demo ****
make all 
make: No se hace nada para `all'.
10:48:35 **** Auto Build of configuration Debug for project base_demo ****
make all 
'Building file: ../src/audio_demo.c'
'Invoking: ARM gcc compiler'
arm-xilinx-eabi-gcc -Wall -O0 -g3 -c -fmessage-length=0 -I../../base_demo_bsp/ps7_cortexa9_0/include -MMD -MP -MF"src/audio_demo.d" -MT"src/audio_demo.d" -o "src/audio_demo.o" "../src/audio_demo.c"
'Finished building: ../src/audio_demo.c'
' '
'Building target: base_demo.elf'
'Invoking: ARM gcc linker'
arm-xilinx-eabi-gcc -Wl,-T -Wl,../src/lscript.ld -L../../base_demo_bsp/ps7_cortexa9_0/lib -o "base_demo.elf"  ./src/audio_demo.o ./src/display_ctrl.o ./src/display_demo.o ./src/main.o ./src/platform.o ./src/timer_ps.o   -Wl,--start-group,-lxil,-lgcc,-lc,--end-group
'Finished building target: base_demo.elf'
' '
'Invoking: ARM Print Size'
arm-xilinx-eabi-size base_demo.elf  |tee "base_demo.elf.size"
   text	   data	    bss	    dec	    hex	filename
  95716	   2528	51714704	51812948	3169a54	base_demo.elf
'Finished building: base_demo.elf.size'
' '
10:48:37 **** Auto Build of configuration Debug for project base_demo ****
make all 
'Building file: ../src/main.c'
'Invoking: ARM gcc compiler'
arm-xilinx-eabi-gcc -Wall -O0 -g3 -c -fmessage-length=0 -I../../base_demo_bsp/ps7_cortexa9_0/include -MMD -MP -MF"src/main.d" -MT"src/main.d" -o "src/main.o" "../src/main.c"
'Finished building: ../src/main.c'
' '
'Building target: base_demo.elf'
'Invoking: ARM gcc linker'
arm-xilinx-eabi-gcc -Wl,-T -Wl,../src/lscript.ld -L../../base_demo_bsp/ps7_cortexa9_0/lib -o "base_demo.elf"  ./src/audio_demo.o ./src/display_ctrl.o ./src/display_demo.o ./src/main.o ./src/platform.o ./src/timer_ps.o   -Wl,--start-group,-lxil,-lgcc,-lc,--end-group
'Finished building target: base_demo.elf'
' '
'Invoking: ARM Print Size'
arm-xilinx-eabi-size base_demo.elf  |tee "base_demo.elf.size"
   text	   data	    bss	    dec	    hex	filename
  95716	   2528	51714704	51812948	3169a54	base_demo.elf
'Finished building: base_demo.elf.size'
' '
10:49:17 **** Incremental Build of configuration Debug for project fsbl ****
make all 
make: No se hace nada para `all'.
10:49:18 **** Incremental Build of configuration Debug for project base_demo ****
make all 
make: No se hace nada para `all'.
10:50:03 **** Auto Build of configuration Debug for project base_demo ****
make all 
'Building file: ../src/main.c'
'Invoking: ARM gcc compiler'
arm-xilinx-eabi-gcc -Wall -O0 -g3 -c -fmessage-length=0 -I../../base_demo_bsp/ps7_cortexa9_0/include -MMD -MP -MF"src/main.d" -MT"src/main.d" -o "src/main.o" "../src/main.c"
'Finished building: ../src/main.c'
' '
'Building target: base_demo.elf'
'Invoking: ARM gcc linker'
arm-xilinx-eabi-gcc -Wl,-T -Wl,../src/lscript.ld -L../../base_demo_bsp/ps7_cortexa9_0/lib -o "base_demo.elf"  ./src/audio_demo.o ./src/display_ctrl.o ./src/display_demo.o ./src/main.o ./src/platform.o ./src/timer_ps.o   -Wl,--start-group,-lxil,-lgcc,-lc,--end-group
'Finished building target: base_demo.elf'
' '
'Invoking: ARM Print Size'
arm-xilinx-eabi-size base_demo.elf  |tee "base_demo.elf.size"
   text	   data	    bss	    dec	    hex	filename
  95716	   2528	51714704	51812948	3169a54	base_demo.elf
'Finished building: base_demo.elf.size'
' '
10:50:18 **** Incremental Build of configuration Debug for project fsbl ****
make all 
make: No se hace nada para `all'.
10:50:19 **** Incremental Build of configuration Debug for project base_demo ****
make all 
make: No se hace nada para `all'.
10:51:21 **** Auto Build of configuration Debug for project base_demo ****
make all 
'Building file: ../src/main.c'
'Invoking: ARM gcc compiler'
arm-xilinx-eabi-gcc -Wall -O0 -g3 -c -fmessage-length=0 -I../../base_demo_bsp/ps7_cortexa9_0/include -MMD -MP -MF"src/main.d" -MT"src/main.d" -o "src/main.o" "../src/main.c"
'Finished building: ../src/main.c'
' '
'Building target: base_demo.elf'
'Invoking: ARM gcc linker'
arm-xilinx-eabi-gcc -Wl,-T -Wl,../src/lscript.ld -L../../base_demo_bsp/ps7_cortexa9_0/lib -o "base_demo.elf"  ./src/audio_demo.o ./src/display_ctrl.o ./src/display_demo.o ./src/main.o ./src/platform.o ./src/timer_ps.o   -Wl,--start-group,-lxil,-lgcc,-lc,--end-group
'Finished building target: base_demo.elf'
' '
'Invoking: ARM Print Size'
arm-xilinx-eabi-size base_demo.elf  |tee "base_demo.elf.size"
   text	   data	    bss	    dec	    hex	filename
  95652	   2528	51714704	51812884	3169a14	base_demo.elf
'Finished building: base_demo.elf.size'
' '
11:47:31 **** Auto Build of configuration Debug for project base_demo ****
make all 
'Building file: ../src/display_demo.c'
'Invoking: ARM gcc compiler'
arm-xilinx-eabi-gcc -Wall -O0 -g3 -c -fmessage-length=0 -I../../base_demo_bsp/ps7_cortexa9_0/include -MMD -MP -MF"src/display_demo.d" -MT"src/display_demo.d" -o "src/display_demo.o" "../src/display_demo.c"
../src/display_demo.c: In function 'DisplayDemoRun':
../src/display_demo.c:156:3: error: duplicate case value
   case '5':
   ^
../src/display_demo.c:144:3: error: previously used here
   case '5':
   ^
../src/display_demo.c:157:4: warning: implicit declaration of function 'cuadrado' [-Wimplicit-function-declaration]
    cuadrado(dispPtr->framePtr[dispPtr->curFrame], dispPtr->framePtr[dispPtr->curFrame], dispPtr->vMode.width, dispPtr->vMode.height, dispPtr->stride);
    ^
make: *** [src/display_demo.o] Error 1
11:47:58 **** Auto Build of configuration Debug for project base_demo ****
make all 
'Building file: ../src/display_demo.c'
'Invoking: ARM gcc compiler'
arm-xilinx-eabi-gcc -Wall -O0 -g3 -c -fmessage-length=0 -I../../base_demo_bsp/ps7_cortexa9_0/include -MMD -MP -MF"src/display_demo.d" -MT"src/display_demo.d" -o "src/display_demo.o" "../src/display_demo.c"
../src/display_demo.c: In function 'DisplayDemoRun':
../src/display_demo.c:157:4: warning: implicit declaration of function 'cuadrado' [-Wimplicit-function-declaration]
    cuadrado(dispPtr->framePtr[dispPtr->curFrame], dispPtr->framePtr[dispPtr->curFrame], dispPtr->vMode.width, dispPtr->vMode.height, dispPtr->stride);
    ^
'Finished building: ../src/display_demo.c'
' '
'Building target: base_demo.elf'
'Invoking: ARM gcc linker'
arm-xilinx-eabi-gcc -Wl,-T -Wl,../src/lscript.ld -L../../base_demo_bsp/ps7_cortexa9_0/lib -o "base_demo.elf"  ./src/audio_demo.o ./src/display_ctrl.o ./src/display_demo.o ./src/main.o ./src/platform.o ./src/timer_ps.o   -Wl,--start-group,-lxil,-lgcc,-lc,--end-group
./src/display_demo.o: In function `DisplayDemoRun':
D:\GIT\Zybo\VGA\source\vivado\hw\zybo_bsd\zybo_bsd.sdk\base_demo\Debug/../src/display_demo.c:157: undefined reference to `cuadrado'
collect2.exe: error: ld returned 1 exit status
make: *** [base_demo.elf] Error 1
11:55:27 **** Auto Build of configuration Debug for project base_demo ****
make all 
'Building file: ../src/display_demo.c'
'Invoking: ARM gcc compiler'
arm-xilinx-eabi-gcc -Wall -O0 -g3 -c -fmessage-length=0 -I../../base_demo_bsp/ps7_cortexa9_0/include -MMD -MP -MF"src/display_demo.d" -MT"src/display_demo.d" -o "src/display_demo.o" "../src/display_demo.c"
../src/display_demo.c: In function 'DisplayDemoRun':
../src/display_demo.c:157:4: warning: implicit declaration of function 'Cuadrado' [-Wimplicit-function-declaration]
    Cuadrado(dispPtr->framePtr[dispPtr->curFrame], dispPtr->vMode.width, dispPtr->vMode.height, dispPtr->stride, DISPLAYDEMO_PATTERN_1);
    ^
../src/display_demo.c: At top level:
../src/display_demo.c:437:6: warning: conflicting types for 'Cuadrado' [enabled by default]
 void Cuadrado(u32 *frame, u32 width, u32 height, u32 stride, int pattern){
      ^
../src/display_demo.c:157:4: note: previous implicit declaration of 'Cuadrado' was here
    Cuadrado(dispPtr->framePtr[dispPtr->curFrame], dispPtr->vMode.width, dispPtr->vMode.height, dispPtr->stride, DISPLAYDEMO_PATTERN_1);
    ^
'Finished building: ../src/display_demo.c'
' '
'Building target: base_demo.elf'
'Invoking: ARM gcc linker'
arm-xilinx-eabi-gcc -Wl,-T -Wl,../src/lscript.ld -L../../base_demo_bsp/ps7_cortexa9_0/lib -o "base_demo.elf"  ./src/audio_demo.o ./src/display_ctrl.o ./src/display_demo.o ./src/main.o ./src/platform.o ./src/timer_ps.o   -Wl,--start-group,-lxil,-lgcc,-lc,--end-group
'Finished building target: base_demo.elf'
' '
'Invoking: ARM Print Size'
arm-xilinx-eabi-size base_demo.elf  |tee "base_demo.elf.size"
   text	   data	    bss	    dec	    hex	filename
  95804	   2528	51714704	51813036	3169aac	base_demo.elf
'Finished building: base_demo.elf.size'
' '
13:42:23 **** Incremental Build of configuration Debug for project fsbl ****
make all 
make: No se hace nada para `all'.
13:42:23 **** Incremental Build of configuration Debug for project base_demo ****
make all 
make: No se hace nada para `all'.
13:46:35 **** Incremental Build of configuration Debug for project fsbl ****
make all 
make: No se hace nada para `all'.
13:46:35 **** Incremental Build of configuration Debug for project base_demo ****
make all 
make: No se hace nada para `all'.
14:19:09 **** Auto Build of configuration Debug for project base_demo ****
make all 
'Building file: ../src/display_demo.c'
'Invoking: ARM gcc compiler'
arm-xilinx-eabi-gcc -Wall -O0 -g3 -c -fmessage-length=0 -I../../base_demo_bsp/ps7_cortexa9_0/include -MMD -MP -MF"src/display_demo.d" -MT"src/display_demo.d" -o "src/display_demo.o" "../src/display_demo.c"
../src/display_demo.c: In function 'DisplayDemoRun':
../src/display_demo.c:164:4: warning: implicit declaration of function 'Cuadrado' [-Wimplicit-function-declaration]
    Cuadrado(dispPtr->framePtr[dispPtr->curFrame], dispPtr->vMode.width, dispPtr->vMode.height, dispPtr->stride);
    ^
../src/display_demo.c: At top level:
../src/display_demo.c:444:6: warning: conflicting types for 'Cuadrado' [enabled by default]
 void Cuadrado(u32 *frame, u32 width, u32 height, u32 stride){
      ^
../src/display_demo.c:164:4: note: previous implicit declaration of 'Cuadrado' was here
    Cuadrado(dispPtr->framePtr[dispPtr->curFrame], dispPtr->vMode.width, dispPtr->vMode.height, dispPtr->stride);
    ^
../src/display_demo.c: In function 'Cuadrado':
../src/display_demo.c:445:6: warning: unused variable 'wStride' [-Wunused-variable]
  u32 wStride= stride/4;
      ^
../src/display_demo.c: In function 'pintarCuadrado':
../src/display_demo.c:451:6: error: 'x' redeclared as different kind of symbol
  u32 x=0, y=0;
      ^
../src/display_demo.c:450:25: note: previous definition of 'x' was here
 void pintarCuadrado(u32 x, u32 y){
                         ^
../src/display_demo.c:451:11: error: 'y' redeclared as different kind of symbol
  u32 x=0, y=0;
           ^
../src/display_demo.c:450:32: note: previous definition of 'y' was here
 void pintarCuadrado(u32 x, u32 y){
                                ^
../src/display_demo.c:451:11: warning: unused variable 'y' [-Wunused-variable]
  u32 x=0, y=0;
           ^
../src/display_demo.c:451:6: warning: unused variable 'x' [-Wunused-variable]
  u32 x=0, y=0;
      ^
../src/display_demo.c: In function 'pintarFondo':
../src/display_demo.c:456:1: error: expected '{' at end of input
 void pintarFondo()
 ^
make: *** [src/display_demo.o] Error 1
14:20:52 **** Auto Build of configuration Debug for project base_demo ****
make all 
'Building file: ../src/display_demo.c'
'Invoking: ARM gcc compiler'
arm-xilinx-eabi-gcc -Wall -O0 -g3 -c -fmessage-length=0 -I../../base_demo_bsp/ps7_cortexa9_0/include -MMD -MP -MF"src/display_demo.d" -MT"src/display_demo.d" -o "src/display_demo.o" "../src/display_demo.c"
../src/display_demo.c: In function 'DisplayDemoRun':
../src/display_demo.c:164:4: warning: implicit declaration of function 'Cuadrado' [-Wimplicit-function-declaration]
    Cuadrado(dispPtr->framePtr[dispPtr->curFrame], dispPtr->vMode.width, dispPtr->vMode.height, dispPtr->stride);
    ^
../src/display_demo.c: At top level:
../src/display_demo.c:444:6: warning: conflicting types for 'Cuadrado' [enabled by default]
 void Cuadrado(u32 *frame, u32 width, u32 height, u32 stride){
      ^
../src/display_demo.c:164:4: note: previous implicit declaration of 'Cuadrado' was here
    Cuadrado(dispPtr->framePtr[dispPtr->curFrame], dispPtr->vMode.width, dispPtr->vMode.height, dispPtr->stride);
    ^
../src/display_demo.c: In function 'Cuadrado':
../src/display_demo.c:445:6: warning: unused variable 'wStride' [-Wunused-variable]
  u32 wStride= stride/4;
      ^
../src/display_demo.c: In function 'pintarCuadrado':
../src/display_demo.c:452:6: error: 'x' redeclared as different kind of symbol
  u32 x=0, y=0;
      ^
../src/display_demo.c:451:25: note: previous definition of 'x' was here
 void pintarCuadrado(u32 x, u32 y){
                         ^
../src/display_demo.c:452:11: error: 'y' redeclared as different kind of symbol
  u32 x=0, y=0;
           ^
../src/display_demo.c:451:32: note: previous definition of 'y' was here
 void pintarCuadrado(u32 x, u32 y){
                                ^
../src/display_demo.c:452:11: warning: variable 'y' set but not used [-Wunused-but-set-variable]
  u32 x=0, y=0;
           ^
../src/display_demo.c:452:6: warning: variable 'x' set but not used [-Wunused-but-set-variable]
  u32 x=0, y=0;
      ^
../src/display_demo.c: In function 'pintarFondo':
../src/display_demo.c:458:1: error: expected '{' at end of input
 void pintarFondo()
 ^
make: *** [src/display_demo.o] Error 1
14:29:22 **** Auto Build of configuration Debug for project base_demo ****
make all 
'Building file: ../src/display_demo.c'
'Invoking: ARM gcc compiler'
arm-xilinx-eabi-gcc -Wall -O0 -g3 -c -fmessage-length=0 -I../../base_demo_bsp/ps7_cortexa9_0/include -MMD -MP -MF"src/display_demo.d" -MT"src/display_demo.d" -o "src/display_demo.o" "../src/display_demo.c"
../src/display_demo.c: In function 'DisplayDemoRun':
../src/display_demo.c:164:4: warning: implicit declaration of function 'Cuadrado' [-Wimplicit-function-declaration]
    Cuadrado(dispPtr->framePtr[dispPtr->curFrame], dispPtr->vMode.width, dispPtr->vMode.height, dispPtr->stride);
    ^
../src/display_demo.c: At top level:
../src/display_demo.c:444:6: warning: conflicting types for 'Cuadrado' [enabled by default]
 void Cuadrado(u32 *frame, u32 width, u32 height, u32 stride){
      ^
../src/display_demo.c:164:4: note: previous implicit declaration of 'Cuadrado' was here
    Cuadrado(dispPtr->framePtr[dispPtr->curFrame], dispPtr->vMode.width, dispPtr->vMode.height, dispPtr->stride);
    ^
../src/display_demo.c: In function 'dir':
../src/display_demo.c:468:2: error: 'drieccion' undeclared (first use in this function)
  drieccion= x+y*wStride;
  ^
../src/display_demo.c:468:2: note: each undeclared identifier is reported only once for each function it appears in
make: *** [src/display_demo.o] Error 1
15:30:45 **** Auto Build of configuration Debug for project base_demo ****
make all 
'Building file: ../src/display_demo.c'
'Invoking: ARM gcc compiler'
arm-xilinx-eabi-gcc -Wall -O0 -g3 -c -fmessage-length=0 -I../../base_demo_bsp/ps7_cortexa9_0/include -MMD -MP -MF"src/display_demo.d" -MT"src/display_demo.d" -o "src/display_demo.o" "../src/display_demo.c"
../src/display_demo.c: In function 'DisplayDemoRun':
../src/display_demo.c:164:4: warning: implicit declaration of function 'Cuadrado' [-Wimplicit-function-declaration]
    Cuadrado(dispPtr->framePtr[dispPtr->curFrame], dispPtr->vMode.width, dispPtr->vMode.height, dispPtr->stride);
    ^
../src/display_demo.c: At top level:
../src/display_demo.c:444:6: warning: conflicting types for 'Cuadrado' [enabled by default]
 void Cuadrado(u32 *frame, u32 width, u32 height, u32 stride){
      ^
../src/display_demo.c:164:4: note: previous implicit declaration of 'Cuadrado' was here
    Cuadrado(dispPtr->framePtr[dispPtr->curFrame], dispPtr->vMode.width, dispPtr->vMode.height, dispPtr->stride);
    ^
../src/display_demo.c: In function 'pintarFondo':
../src/display_demo.c:462:3: error: expected expression before 'for'
   for (x=0; x<width;x++){
   ^
../src/display_demo.c:459:10: warning: variable 'pixel_dir' set but not used [-Wunused-but-set-variable]
  u32 x,y,pixel_dir;
          ^
../src/display_demo.c:459:6: warning: unused variable 'x' [-Wunused-variable]
  u32 x,y,pixel_dir;
      ^
../src/display_demo.c: In function 'dir':
../src/display_demo.c:474:2: error: 'drieccion' undeclared (first use in this function)
  drieccion= x+y*wStride;
  ^
../src/display_demo.c:474:2: note: each undeclared identifier is reported only once for each function it appears in
make: *** [src/display_demo.o] Error 1
15:33:26 **** Auto Build of configuration Debug for project base_demo ****
make all 
'Building file: ../src/display_demo.c'
'Invoking: ARM gcc compiler'
arm-xilinx-eabi-gcc -Wall -O0 -g3 -c -fmessage-length=0 -I../../base_demo_bsp/ps7_cortexa9_0/include -MMD -MP -MF"src/display_demo.d" -MT"src/display_demo.d" -o "src/display_demo.o" "../src/display_demo.c"
../src/display_demo.c: In function 'DisplayDemoRun':
../src/display_demo.c:164:4: warning: implicit declaration of function 'Cuadrado' [-Wimplicit-function-declaration]
    Cuadrado(dispPtr->framePtr[dispPtr->curFrame], dispPtr->vMode.width, dispPtr->vMode.height, dispPtr->stride);
    ^
../src/display_demo.c: At top level:
../src/display_demo.c:444:6: warning: conflicting types for 'Cuadrado' [enabled by default]
 void Cuadrado(u32 *frame, u32 width, u32 height, u32 stride){
      ^
../src/display_demo.c:164:4: note: previous implicit declaration of 'Cuadrado' was here
    Cuadrado(dispPtr->framePtr[dispPtr->curFrame], dispPtr->vMode.width, dispPtr->vMode.height, dispPtr->stride);
    ^
../src/display_demo.c: In function 'pintarFondo':
../src/display_demo.c:461:3: warning: implicit declaration of function 'dir' [-Wimplicit-function-declaration]
   pixel_dir=dir(0,y,stride);
   ^
../src/display_demo.c: At top level:
../src/display_demo.c:473:5: error: conflicting types for 'dir'
 u32 dir(u32 x, u32 y, u32 stride){
     ^
../src/display_demo.c:461:13: note: previous implicit declaration of 'dir' was here
   pixel_dir=dir(0,y,stride);
             ^
../src/display_demo.c: In function 'dir':
../src/display_demo.c:475:2: error: 'drieccion' undeclared (first use in this function)
  drieccion= x+y*wStride;
  ^
../src/display_demo.c:475:2: note: each undeclared identifier is reported only once for each function it appears in
make: *** [src/display_demo.o] Error 1
15:35:14 **** Auto Build of configuration Debug for project base_demo ****
make all 
'Building file: ../src/display_demo.c'
'Invoking: ARM gcc compiler'
arm-xilinx-eabi-gcc -Wall -O0 -g3 -c -fmessage-length=0 -I../../base_demo_bsp/ps7_cortexa9_0/include -MMD -MP -MF"src/display_demo.d" -MT"src/display_demo.d" -o "src/display_demo.o" "../src/display_demo.c"
../src/display_demo.c: In function 'DisplayDemoRun':
../src/display_demo.c:164:4: warning: implicit declaration of function 'Cuadrado' [-Wimplicit-function-declaration]
    Cuadrado(dispPtr->framePtr[dispPtr->curFrame], dispPtr->vMode.width, dispPtr->vMode.height, dispPtr->stride);
    ^
../src/display_demo.c: At top level:
../src/display_demo.c:444:6: warning: conflicting types for 'Cuadrado' [enabled by default]
 void Cuadrado(u32 *frame, u32 width, u32 height, u32 stride){
      ^
../src/display_demo.c:164:4: note: previous implicit declaration of 'Cuadrado' was here
    Cuadrado(dispPtr->framePtr[dispPtr->curFrame], dispPtr->vMode.width, dispPtr->vMode.height, dispPtr->stride);
    ^
../src/display_demo.c: In function 'pintarFondo':
../src/display_demo.c:461:3: warning: implicit declaration of function 'dir' [-Wimplicit-function-declaration]
   pixel_dir=dir(0,y,stride);
   ^
../src/display_demo.c: At top level:
../src/display_demo.c:473:5: error: conflicting types for 'dir'
 u32 dir(u32 x, u32 y, u32 stride){
     ^
../src/display_demo.c:461:13: note: previous implicit declaration of 'dir' was here
   pixel_dir=dir(0,y,stride);
             ^
make: *** [src/display_demo.o] Error 1
15:37:01 **** Auto Build of configuration Debug for project base_demo ****
make all 
'Building file: ../src/display_demo.c'
'Invoking: ARM gcc compiler'
arm-xilinx-eabi-gcc -Wall -O0 -g3 -c -fmessage-length=0 -I../../base_demo_bsp/ps7_cortexa9_0/include -MMD -MP -MF"src/display_demo.d" -MT"src/display_demo.d" -o "src/display_demo.o" "../src/display_demo.c"
../src/display_demo.c: In function 'DisplayDemoRun':
../src/display_demo.c:164:4: warning: implicit declaration of function 'Cuadrado' [-Wimplicit-function-declaration]
    Cuadrado(dispPtr->framePtr[dispPtr->curFrame], dispPtr->vMode.width, dispPtr->vMode.height, dispPtr->stride);
    ^
../src/display_demo.c: At top level:
../src/display_demo.c:444:6: warning: conflicting types for 'Cuadrado' [enabled by default]
 void Cuadrado(u32 *frame, u32 width, u32 height, u32 stride){
      ^
../src/display_demo.c:164:4: note: previous implicit declaration of 'Cuadrado' was here
    Cuadrado(dispPtr->framePtr[dispPtr->curFrame], dispPtr->vMode.width, dispPtr->vMode.height, dispPtr->stride);
    ^
../src/display_demo.c: In function 'pintarFondo':
../src/display_demo.c:461:3: warning: implicit declaration of function 'dir' [-Wimplicit-function-declaration]
   pixel_dir=dir(0,y,stride);
   ^
'Finished building: ../src/display_demo.c'
' '
'Building target: base_demo.elf'
'Invoking: ARM gcc linker'
arm-xilinx-eabi-gcc -Wl,-T -Wl,../src/lscript.ld -L../../base_demo_bsp/ps7_cortexa9_0/lib -o "base_demo.elf"  ./src/audio_demo.o ./src/display_ctrl.o ./src/display_demo.o ./src/main.o ./src/platform.o ./src/timer_ps.o   -Wl,--start-group,-lxil,-lgcc,-lc,--end-group
./src/display_demo.o: In function `pintarFondo':
D:\GIT\Zybo\VGA\source\vivado\hw\zybo_bsd\zybo_bsd.sdk\base_demo\Debug/../src/display_demo.c:461: undefined reference to `dir'
collect2.exe: error: ld returned 1 exit status
make: *** [base_demo.elf] Error 1
15:37:36 **** Auto Build of configuration Debug for project base_demo ****
make all 
'Building file: ../src/display_demo.c'
'Invoking: ARM gcc compiler'
arm-xilinx-eabi-gcc -Wall -O0 -g3 -c -fmessage-length=0 -I../../base_demo_bsp/ps7_cortexa9_0/include -MMD -MP -MF"src/display_demo.d" -MT"src/display_demo.d" -o "src/display_demo.o" "../src/display_demo.c"
../src/display_demo.c: In function 'DisplayDemoRun':
../src/display_demo.c:164:4: warning: implicit declaration of function 'Cuadrado' [-Wimplicit-function-declaration]
    Cuadrado(dispPtr->framePtr[dispPtr->curFrame], dispPtr->vMode.width, dispPtr->vMode.height, dispPtr->stride);
    ^
../src/display_demo.c: At top level:
../src/display_demo.c:444:6: warning: conflicting types for 'Cuadrado' [enabled by default]
 void Cuadrado(u32 *frame, u32 width, u32 height, u32 stride){
      ^
../src/display_demo.c:164:4: note: previous implicit declaration of 'Cuadrado' was here
    Cuadrado(dispPtr->framePtr[dispPtr->curFrame], dispPtr->vMode.width, dispPtr->vMode.height, dispPtr->stride);
    ^
../src/display_demo.c: In function 'pintarFondo':
../src/display_demo.c:461:3: warning: implicit declaration of function 'dir' [-Wimplicit-function-declaration]
   pixel_dir=dir(0,y,stride);
   ^
'Finished building: ../src/display_demo.c'
' '
'Building target: base_demo.elf'
'Invoking: ARM gcc linker'
arm-xilinx-eabi-gcc -Wl,-T -Wl,../src/lscript.ld -L../../base_demo_bsp/ps7_cortexa9_0/lib -o "base_demo.elf"  ./src/audio_demo.o ./src/display_ctrl.o ./src/display_demo.o ./src/main.o ./src/platform.o ./src/timer_ps.o   -Wl,--start-group,-lxil,-lgcc,-lc,--end-group
./src/display_demo.o: In function `pintarFondo':
D:\GIT\Zybo\VGA\source\vivado\hw\zybo_bsd\zybo_bsd.sdk\base_demo\Debug/../src/display_demo.c:461: undefined reference to `dir'
collect2.exe: error: ld returned 1 exit status
make: *** [base_demo.elf] Error 1
15:37:44 **** Auto Build of configuration Debug for project base_demo ****
make all 
'Building file: ../src/display_demo.c'
'Invoking: ARM gcc compiler'
arm-xilinx-eabi-gcc -Wall -O0 -g3 -c -fmessage-length=0 -I../../base_demo_bsp/ps7_cortexa9_0/include -MMD -MP -MF"src/display_demo.d" -MT"src/display_demo.d" -o "src/display_demo.o" "../src/display_demo.c"
../src/display_demo.c: In function 'DisplayDemoRun':
../src/display_demo.c:164:4: warning: implicit declaration of function 'Cuadrado' [-Wimplicit-function-declaration]
    Cuadrado(dispPtr->framePtr[dispPtr->curFrame], dispPtr->vMode.width, dispPtr->vMode.height, dispPtr->stride);
    ^
../src/display_demo.c: At top level:
../src/display_demo.c:444:6: warning: conflicting types for 'Cuadrado' [enabled by default]
 void Cuadrado(u32 *frame, u32 width, u32 height, u32 stride){
      ^
../src/display_demo.c:164:4: note: previous implicit declaration of 'Cuadrado' was here
    Cuadrado(dispPtr->framePtr[dispPtr->curFrame], dispPtr->vMode.width, dispPtr->vMode.height, dispPtr->stride);
    ^
../src/display_demo.c: In function 'pintarFondo':
../src/display_demo.c:461:3: warning: implicit declaration of function 'direccion' [-Wimplicit-function-declaration]
   pixel_dir=direccion(0,y,stride);
   ^
../src/display_demo.c: At top level:
../src/display_demo.c:473:5: error: conflicting types for 'direccion'
 u32 direccion(u32 x, u32 y, u32 stride){
     ^
../src/display_demo.c:461:13: note: previous implicit declaration of 'direccion' was here
   pixel_dir=direccion(0,y,stride);
             ^
make: *** [src/display_demo.o] Error 1
15:37:56 **** Auto Build of configuration Debug for project base_demo ****
make all 
'Building file: ../src/display_demo.c'
'Invoking: ARM gcc compiler'
arm-xilinx-eabi-gcc -Wall -O0 -g3 -c -fmessage-length=0 -I../../base_demo_bsp/ps7_cortexa9_0/include -MMD -MP -MF"src/display_demo.d" -MT"src/display_demo.d" -o "src/display_demo.o" "../src/display_demo.c"
../src/display_demo.c: In function 'DisplayDemoRun':
../src/display_demo.c:164:4: warning: implicit declaration of function 'Cuadrado' [-Wimplicit-function-declaration]
    Cuadrado(dispPtr->framePtr[dispPtr->curFrame], dispPtr->vMode.width, dispPtr->vMode.height, dispPtr->stride);
    ^
../src/display_demo.c: At top level:
../src/display_demo.c:444:6: warning: conflicting types for 'Cuadrado' [enabled by default]
 void Cuadrado(u32 *frame, u32 width, u32 height, u32 stride){
      ^
../src/display_demo.c:164:4: note: previous implicit declaration of 'Cuadrado' was here
    Cuadrado(dispPtr->framePtr[dispPtr->curFrame], dispPtr->vMode.width, dispPtr->vMode.height, dispPtr->stride);
    ^
../src/display_demo.c: In function 'pintarFondo':
../src/display_demo.c:461:3: warning: implicit declaration of function 'dir' [-Wimplicit-function-declaration]
   pixel_dir=dir(0,y,stride);
   ^
../src/display_demo.c: At top level:
../src/display_demo.c:473:5: error: conflicting types for 'dir'
 u32 dir(u32 x, u32 y, u32 stride){
     ^
../src/display_demo.c:461:13: note: previous implicit declaration of 'dir' was here
   pixel_dir=dir(0,y,stride);
             ^
make: *** [src/display_demo.o] Error 1
15:38:17 **** Auto Build of configuration Debug for project base_demo ****
make all 
'Building file: ../src/display_demo.c'
'Invoking: ARM gcc compiler'
arm-xilinx-eabi-gcc -Wall -O0 -g3 -c -fmessage-length=0 -I../../base_demo_bsp/ps7_cortexa9_0/include -MMD -MP -MF"src/display_demo.d" -MT"src/display_demo.d" -o "src/display_demo.o" "../src/display_demo.c"
../src/display_demo.c: In function 'DisplayDemoRun':
../src/display_demo.c:166:4: warning: implicit declaration of function 'Cuadrado' [-Wimplicit-function-declaration]
    Cuadrado(dispPtr->framePtr[dispPtr->curFrame], dispPtr->vMode.width, dispPtr->vMode.height, dispPtr->stride);
    ^
../src/display_demo.c: At top level:
../src/display_demo.c:446:6: warning: conflicting types for 'Cuadrado' [enabled by default]
 void Cuadrado(u32 *frame, u32 width, u32 height, u32 stride){
      ^
../src/display_demo.c:166:4: note: previous implicit declaration of 'Cuadrado' was here
    Cuadrado(dispPtr->framePtr[dispPtr->curFrame], dispPtr->vMode.width, dispPtr->vMode.height, dispPtr->stride);
    ^
'Finished building: ../src/display_demo.c'
' '
'Building target: base_demo.elf'
'Invoking: ARM gcc linker'
arm-xilinx-eabi-gcc -Wl,-T -Wl,../src/lscript.ld -L../../base_demo_bsp/ps7_cortexa9_0/lib -o "base_demo.elf"  ./src/audio_demo.o ./src/display_ctrl.o ./src/display_demo.o ./src/main.o ./src/platform.o ./src/timer_ps.o   -Wl,--start-group,-lxil,-lgcc,-lc,--end-group
'Finished building target: base_demo.elf'
' '
'Invoking: ARM Print Size'
arm-xilinx-eabi-size base_demo.elf  |tee "base_demo.elf.size"
   text	   data	    bss	    dec	    hex	filename
  96060	   2528	51714704	51813292	3169bac	base_demo.elf
'Finished building: base_demo.elf.size'
' '
15:39:29 **** Auto Build of configuration Debug for project base_demo ****
make all 
'Building file: ../src/display_demo.c'
'Invoking: ARM gcc compiler'
arm-xilinx-eabi-gcc -Wall -O0 -g3 -c -fmessage-length=0 -I../../base_demo_bsp/ps7_cortexa9_0/include -MMD -MP -MF"src/display_demo.d" -MT"src/display_demo.d" -o "src/display_demo.o" "../src/display_demo.c"
../src/display_demo.c: In function 'Cuadrado':
../src/display_demo.c:61:1: error: expected '=', ',', ';', 'asm' or '__attribute__' before '{' token
 {
 ^
../src/display_demo.c:86:1: error: expected '=', ',', ';', 'asm' or '__attribute__' before '{' token
 {
 ^
../src/display_demo.c:119:1: error: expected '=', ',', ';', 'asm' or '__attribute__' before '{' token
 {
 ^
../src/display_demo.c:187:1: error: expected '=', ',', ';', 'asm' or '__attribute__' before '{' token
 {
 ^
../src/display_demo.c:257:1: error: expected '=', ',', ';', 'asm' or '__attribute__' before '{' token
 {
 ^
../src/display_demo.c:279:1: error: expected '=', ',', ';', 'asm' or '__attribute__' before '{' token
 {
 ^
../src/display_demo.c:299:1: error: expected '=', ',', ';', 'asm' or '__attribute__' before '{' token
 {
 ^
../src/display_demo.c:453:61: error: expected '=', ',', ';', 'asm' or '__attribute__' before '{' token
 void Cuadrado(u32 *frame, u32 width, u32 height, u32 stride){
                                                             ^
../src/display_demo.c:460:34: error: expected '=', ',', ';', 'asm' or '__attribute__' before '{' token
 void pintarCuadrado(u32 x, u32 y){
                                  ^
../src/display_demo.c:467:75: error: expected '=', ',', ';', 'asm' or '__attribute__' before '{' token
 void pintarFondo(u32 *frame, u32 color, u32 width, u32 height, u32 stride){
                                                                           ^
../src/display_demo.c:482:34: error: expected '=', ',', ';', 'asm' or '__attribute__' before '{' token
 u32 dir(u32 x, u32 y, u32 stride){
                                  ^
../src/display_demo.c:486:1: error: expected '{' at end of input
 }
 ^
make: *** [src/display_demo.o] Error 1
15:39:34 **** Auto Build of configuration Debug for project base_demo ****
make all 
'Building file: ../src/display_demo.c'
'Invoking: ARM gcc compiler'
arm-xilinx-eabi-gcc -Wall -O0 -g3 -c -fmessage-length=0 -I../../base_demo_bsp/ps7_cortexa9_0/include -MMD -MP -MF"src/display_demo.d" -MT"src/display_demo.d" -o "src/display_demo.o" "../src/display_demo.c"
'Finished building: ../src/display_demo.c'
' '
'Building target: base_demo.elf'
'Invoking: ARM gcc linker'
arm-xilinx-eabi-gcc -Wl,-T -Wl,../src/lscript.ld -L../../base_demo_bsp/ps7_cortexa9_0/lib -o "base_demo.elf"  ./src/audio_demo.o ./src/display_ctrl.o ./src/display_demo.o ./src/main.o ./src/platform.o ./src/timer_ps.o   -Wl,--start-group,-lxil,-lgcc,-lc,--end-group
'Finished building target: base_demo.elf'
' '
'Invoking: ARM Print Size'
arm-xilinx-eabi-size base_demo.elf  |tee "base_demo.elf.size"
   text	   data	    bss	    dec	    hex	filename
  96060	   2528	51714704	51813292	3169bac	base_demo.elf
'Finished building: base_demo.elf.size'
' '
15:41:27 **** Auto Build of configuration Debug for project base_demo ****
make all 
'Building file: ../src/display_demo.c'
'Invoking: ARM gcc compiler'
[...]
18:06:59 **** Auto Build of configuration Debug for project pong ****
make all 
'Building file: ../src/pong.c'
'Invoking: ARM gcc compiler'
arm-xilinx-eabi-gcc -Wall -O0 -g3 -c -fmessage-length=0 -I../../pong_bsp/ps7_cortexa9_0/include -MMD -MP -MF"src/pong.d" -MT"src/pong.d" -o "src/pong.o" "../src/pong.c"
../src/pong.c: In function 'pong':
../src/pong.c:76:2: error: unknown type name 'u1'
  u1  pause=false;
  ^
../src/pong.c:76:6: warning: unused variable 'pause' [-Wunused-variable]
  u1  pause=false;
      ^
make: *** [src/pong.o] Error 1
18:07:06 **** Auto Build of configuration Debug for project pong ****
make all 
'Building file: ../src/pong.c'
'Invoking: ARM gcc compiler'
arm-xilinx-eabi-gcc -Wall -O0 -g3 -c -fmessage-length=0 -I../../pong_bsp/ps7_cortexa9_0/include -MMD -MP -MF"src/pong.d" -MT"src/pong.d" -o "src/pong.o" "../src/pong.c"
../src/pong.c: In function 'pong':
../src/pong.c:76:7: warning: unused variable 'pause' [-Wunused-variable]
  u16  pause=false;
       ^
'Finished building: ../src/pong.c'
' '
'Building target: pong.elf'
'Invoking: ARM gcc linker'
arm-xilinx-eabi-gcc -Wl,-T -Wl,../src/lscript.ld -L../../pong_bsp/ps7_cortexa9_0/lib -o "pong.elf"  ./src/display_ctrl.o ./src/main.o ./src/pong.o ./src/timer_ps.o   -Wl,--start-group,-lxil,-lgcc,-lc,--end-group
'Finished building target: pong.elf'
' '
'Invoking: ARM Print Size'
arm-xilinx-eabi-size pong.elf  |tee "pong.elf.size"
   text	   data	    bss	    dec	    hex	filename
  85808	   2568	49801856	49890232	2f943b8	pong.elf
'Finished building: pong.elf.size'
' '
18:07:21 **** Auto Build of configuration Debug for project pong ****
make all 
'Building file: ../src/pong.c'
'Invoking: ARM gcc compiler'
arm-xilinx-eabi-gcc -Wall -O0 -g3 -c -fmessage-length=0 -I../../pong_bsp/ps7_cortexa9_0/include -MMD -MP -MF"src/pong.d" -MT"src/pong.d" -o "src/pong.o" "../src/pong.c"
../src/pong.c: In function 'pong':
../src/pong.c:76:6: warning: unused variable 'pause' [-Wunused-variable]
  u8  pause=false;
      ^
'Finished building: ../src/pong.c'
' '
'Building target: pong.elf'
'Invoking: ARM gcc linker'
arm-xilinx-eabi-gcc -Wl,-T -Wl,../src/lscript.ld -L../../pong_bsp/ps7_cortexa9_0/lib -o "pong.elf"  ./src/display_ctrl.o ./src/main.o ./src/pong.o ./src/timer_ps.o   -Wl,--start-group,-lxil,-lgcc,-lc,--end-group
'Finished building target: pong.elf'
' '
'Invoking: ARM Print Size'
arm-xilinx-eabi-size pong.elf  |tee "pong.elf.size"
   text	   data	    bss	    dec	    hex	filename
  85808	   2568	49801856	49890232	2f943b8	pong.elf
'Finished building: pong.elf.size'
' '
18:07:25 **** Auto Build of configuration Debug for project pong ****
make all 
'Building file: ../src/pong.c'
'Invoking: ARM gcc compiler'
arm-xilinx-eabi-gcc -Wall -O0 -g3 -c -fmessage-length=0 -I../../pong_bsp/ps7_cortexa9_0/include -MMD -MP -MF"src/pong.d" -MT"src/pong.d" -o "src/pong.o" "../src/pong.c"
../src/pong.c: In function 'pong':
../src/pong.c:76:2: error: unknown type name 'u4'
  u4  pause=false;
  ^
../src/pong.c:76:6: warning: unused variable 'pause' [-Wunused-variable]
  u4  pause=false;
      ^
make: *** [src/pong.o] Error 1
18:07:29 **** Auto Build of configuration Debug for project pong ****
make all 
'Building file: ../src/pong.c'
'Invoking: ARM gcc compiler'
arm-xilinx-eabi-gcc -Wall -O0 -g3 -c -fmessage-length=0 -I../../pong_bsp/ps7_cortexa9_0/include -MMD -MP -MF"src/pong.d" -MT"src/pong.d" -o "src/pong.o" "../src/pong.c"
../src/pong.c: In function 'pong':
../src/pong.c:76:6: warning: unused variable 'pause' [-Wunused-variable]
  u8  pause=false;
      ^
'Finished building: ../src/pong.c'
' '
'Building target: pong.elf'
'Invoking: ARM gcc linker'
arm-xilinx-eabi-gcc -Wl,-T -Wl,../src/lscript.ld -L../../pong_bsp/ps7_cortexa9_0/lib -o "pong.elf"  ./src/display_ctrl.o ./src/main.o ./src/pong.o ./src/timer_ps.o   -Wl,--start-group,-lxil,-lgcc,-lc,--end-group
'Finished building target: pong.elf'
' '
'Invoking: ARM Print Size'
arm-xilinx-eabi-size pong.elf  |tee "pong.elf.size"
   text	   data	    bss	    dec	    hex	filename
  85808	   2568	49801856	49890232	2f943b8	pong.elf
'Finished building: pong.elf.size'
' '
18:07:52 **** Auto Build of configuration Debug for project pong ****
make all 
'Building file: ../src/pong.c'
'Invoking: ARM gcc compiler'
arm-xilinx-eabi-gcc -Wall -O0 -g3 -c -fmessage-length=0 -I../../pong_bsp/ps7_cortexa9_0/include -MMD -MP -MF"src/pong.d" -MT"src/pong.d" -o "src/pong.o" "../src/pong.c"
../src/pong.c: In function 'pong':
../src/pong.c:76:4: warning: unused variable 'pause' [-Wunused-variable]
    pause=false;
    ^
'Finished building: ../src/pong.c'
' '
'Building target: pong.elf'
'Invoking: ARM gcc linker'
arm-xilinx-eabi-gcc -Wl,-T -Wl,../src/lscript.ld -L../../pong_bsp/ps7_cortexa9_0/lib -o "pong.elf"  ./src/display_ctrl.o ./src/main.o ./src/pong.o ./src/timer_ps.o   -Wl,--start-group,-lxil,-lgcc,-lc,--end-group
'Finished building target: pong.elf'
' '
'Invoking: ARM Print Size'
arm-xilinx-eabi-size pong.elf  |tee "pong.elf.size"
   text	   data	    bss	    dec	    hex	filename
  85808	   2568	49801856	49890232	2f943b8	pong.elf
'Finished building: pong.elf.size'
' '
18:16:01 **** Auto Build of configuration Debug for project pong ****
make all 
'Building file: ../src/pong.c'
'Invoking: ARM gcc compiler'
arm-xilinx-eabi-gcc -Wall -O0 -g3 -c -fmessage-length=0 -I../../pong_bsp/ps7_cortexa9_0/include -MMD -MP -MF"src/pong.d" -MT"src/pong.d" -o "src/pong.o" "../src/pong.c"
../src/pong.c: In function 'pong':
../src/pong.c:77:8: warning: variable 'entrada' set but not used [-Wunused-but-set-variable]
  char  entrada;
        ^
../src/pong.c:76:4: warning: variable 'pause' set but not used [-Wunused-but-set-variable]
    pause=false;
    ^
../src/pong.c: In function 'cambiarVelocidad':
../src/pong.c:196:6: warning: value computed is not used [-Wunused-value]
      *speed++;
      ^
../src/pong.c:198:6: warning: value computed is not used [-Wunused-value]
      *speed--;
      ^
'Finished building: ../src/pong.c'
' '
'Building target: pong.elf'
'Invoking: ARM gcc linker'
arm-xilinx-eabi-gcc -Wl,-T -Wl,../src/lscript.ld -L../../pong_bsp/ps7_cortexa9_0/lib -o "pong.elf"  ./src/display_ctrl.o ./src/main.o ./src/pong.o ./src/timer_ps.o   -Wl,--start-group,-lxil,-lgcc,-lc,--end-group
'Finished building target: pong.elf'
' '
'Invoking: ARM Print Size'
arm-xilinx-eabi-size pong.elf  |tee "pong.elf.size"
   text	   data	    bss	    dec	    hex	filename
  85872	   2568	49801856	49890296	2f943f8	pong.elf
'Finished building: pong.elf.size'
' '
18:16:23 **** Auto Build of configuration Debug for project pong ****
make all 
'Building file: ../src/pong.c'
'Invoking: ARM gcc compiler'
arm-xilinx-eabi-gcc -Wall -O0 -g3 -c -fmessage-length=0 -I../../pong_bsp/ps7_cortexa9_0/include -MMD -MP -MF"src/pong.d" -MT"src/pong.d" -o "src/pong.o" "../src/pong.c"
../src/pong.c: In function 'pong':
../src/pong.c:77:8: warning: variable 'entrada' set but not used [-Wunused-but-set-variable]
  char  entrada;
        ^
../src/pong.c:76:4: warning: variable 'pause' set but not used [-Wunused-but-set-variable]
    pause=false;
    ^
../src/pong.c: In function 'cambiarVelocidad':
../src/pong.c:198:6: warning: value computed is not used [-Wunused-value]
      *speed--;
      ^
'Finished building: ../src/pong.c'
' '
'Building target: pong.elf'
'Invoking: ARM gcc linker'
arm-xilinx-eabi-gcc -Wl,-T -Wl,../src/lscript.ld -L../../pong_bsp/ps7_cortexa9_0/lib -o "pong.elf"  ./src/display_ctrl.o ./src/main.o ./src/pong.o ./src/timer_ps.o   -Wl,--start-group,-lxil,-lgcc,-lc,--end-group
'Finished building target: pong.elf'
' '
'Invoking: ARM Print Size'
arm-xilinx-eabi-size pong.elf  |tee "pong.elf.size"
   text	   data	    bss	    dec	    hex	filename
  85872	   2568	49801856	49890296	2f943f8	pong.elf
'Finished building: pong.elf.size'
' '
18:16:37 **** Auto Build of configuration Debug for project pong ****
make all 
'Building file: ../src/pong.c'
'Invoking: ARM gcc compiler'
arm-xilinx-eabi-gcc -Wall -O0 -g3 -c -fmessage-length=0 -I../../pong_bsp/ps7_cortexa9_0/include -MMD -MP -MF"src/pong.d" -MT"src/pong.d" -o "src/pong.o" "../src/pong.c"
../src/pong.c: In function 'pong':
../src/pong.c:77:8: warning: variable 'entrada' set but not used [-Wunused-but-set-variable]
  char  entrada;
        ^
../src/pong.c:76:4: warning: variable 'pause' set but not used [-Wunused-but-set-variable]
    pause=false;
    ^
../src/pong.c: In function 'cambiarVelocidad':
../src/pong.c:198:16: error: lvalue required as decrement operand
      (*speed)++--;
                ^
make: *** [src/pong.o] Error 1
18:16:42 **** Auto Build of configuration Debug for project pong ****
make all 
'Building file: ../src/pong.c'
'Invoking: ARM gcc compiler'
arm-xilinx-eabi-gcc -Wall -O0 -g3 -c -fmessage-length=0 -I../../pong_bsp/ps7_cortexa9_0/include -MMD -MP -MF"src/pong.d" -MT"src/pong.d" -o "src/pong.o" "../src/pong.c"
../src/pong.c: In function 'pong':
../src/pong.c:77:8: warning: variable 'entrada' set but not used [-Wunused-but-set-variable]
  char  entrada;
        ^
../src/pong.c:76:4: warning: variable 'pause' set but not used [-Wunused-but-set-variable]
    pause=false;
    ^
'Finished building: ../src/pong.c'
' '
'Building target: pong.elf'
'Invoking: ARM gcc linker'
arm-xilinx-eabi-gcc -Wl,-T -Wl,../src/lscript.ld -L../../pong_bsp/ps7_cortexa9_0/lib -o "pong.elf"  ./src/display_ctrl.o ./src/main.o ./src/pong.o ./src/timer_ps.o   -Wl,--start-group,-lxil,-lgcc,-lc,--end-group
'Finished building target: pong.elf'
' '
'Invoking: ARM Print Size'
arm-xilinx-eabi-size pong.elf  |tee "pong.elf.size"
   text	   data	    bss	    dec	    hex	filename
  85872	   2568	49801856	49890296	2f943f8	pong.elf
'Finished building: pong.elf.size'
' '
18:21:06 **** Auto Build of configuration Debug for project pong ****
make all 
'Building file: ../src/pong.c'
'Invoking: ARM gcc compiler'
arm-xilinx-eabi-gcc -Wall -O0 -g3 -c -fmessage-length=0 -I../../pong_bsp/ps7_cortexa9_0/include -MMD -MP -MF"src/pong.d" -MT"src/pong.d" -o "src/pong.o" "../src/pong.c"
../src/pong.c: In function 'pong':
../src/pong.c:195:8: warning: implicit declaration of function 'cambiarVelocidad' [-Wimplicit-function-declaration]
        cambiarVelocidad(&speed,entrada);
        ^
../src/pong.c: At top level:
../src/pong.c:205:6: warning: conflicting types for 'cambiarVelocidad' [enabled by default]
 void cambiarVelocidad(u32 *speed,char entrada){
      ^
../src/pong.c:195:8: note: previous implicit declaration of 'cambiarVelocidad' was here
        cambiarVelocidad(&speed,entrada);
        ^
'Finished building: ../src/pong.c'
' '
'Building target: pong.elf'
'Invoking: ARM gcc linker'
arm-xilinx-eabi-gcc -Wl,-T -Wl,../src/lscript.ld -L../../pong_bsp/ps7_cortexa9_0/lib -o "pong.elf"  ./src/display_ctrl.o ./src/main.o ./src/pong.o ./src/timer_ps.o   -Wl,--start-group,-lxil,-lgcc,-lc,--end-group
'Finished building target: pong.elf'
' '
'Invoking: ARM Print Size'
arm-xilinx-eabi-size pong.elf  |tee "pong.elf.size"
   text	   data	    bss	    dec	    hex	filename
  86000	   2568	49801856	49890424	2f94478	pong.elf
'Finished building: pong.elf.size'
' '
18:21:57 **** Auto Build of configuration Debug for project pong ****
make all 
'Building file: ../src/pong.c'
'Invoking: ARM gcc compiler'
arm-xilinx-eabi-gcc -Wall -O0 -g3 -c -fmessage-length=0 -I../../pong_bsp/ps7_cortexa9_0/include -MMD -MP -MF"src/pong.d" -MT"src/pong.d" -o "src/pong.o" "../src/pong.c"
../src/pong.c: In function 'pong':
../src/pong.c:195:8: warning: implicit declaration of function 'cambiarVelocidad' [-Wimplicit-function-declaration]
        cambiarVelocidad(&speed,entrada);
        ^
../src/pong.c: At top level:
../src/pong.c:206:6: warning: conflicting types for 'cambiarVelocidad' [enabled by default]
 void cambiarVelocidad(u32 *speed,char entrada){
      ^
../src/pong.c:195:8: note: previous implicit declaration of 'cambiarVelocidad' was here
        cambiarVelocidad(&speed,entrada);
        ^
'Finished building: ../src/pong.c'
' '
'Building target: pong.elf'
'Invoking: ARM gcc linker'
arm-xilinx-eabi-gcc -Wl,-T -Wl,../src/lscript.ld -L../../pong_bsp/ps7_cortexa9_0/lib -o "pong.elf"  ./src/display_ctrl.o ./src/main.o ./src/pong.o ./src/timer_ps.o   -Wl,--start-group,-lxil,-lgcc,-lc,--end-group
'Finished building target: pong.elf'
' '
'Invoking: ARM Print Size'
arm-xilinx-eabi-size pong.elf  |tee "pong.elf.size"
   text	   data	    bss	    dec	    hex	filename
  86064	   2568	49801856	49890488	2f944b8	pong.elf
'Finished building: pong.elf.size'
' '
18:22:29 **** Auto Build of configuration Debug for project pong ****
make all 
'Building file: ../src/pong.c'
'Invoking: ARM gcc compiler'
arm-xilinx-eabi-gcc -Wall -O0 -g3 -c -fmessage-length=0 -I../../pong_bsp/ps7_cortexa9_0/include -MMD -MP -MF"src/pong.d" -MT"src/pong.d" -o "src/pong.o" "../src/pong.c"
../src/pong.c: In function 'pong':
../src/pong.c:195:8: warning: implicit declaration of function 'cambiarVelocidad' [-Wimplicit-function-declaration]
        cambiarVelocidad(&speed,entrada);
        ^
../src/pong.c: At top level:
../src/pong.c:205:6: warning: conflicting types for 'cambiarVelocidad' [enabled by default]
 void cambiarVelocidad(u32 *speed,char entrada){
      ^
../src/pong.c:195:8: note: previous implicit declaration of 'cambiarVelocidad' was here
        cambiarVelocidad(&speed,entrada);
        ^
'Finished building: ../src/pong.c'
' '
'Building target: pong.elf'
'Invoking: ARM gcc linker'
arm-xilinx-eabi-gcc -Wl,-T -Wl,../src/lscript.ld -L../../pong_bsp/ps7_cortexa9_0/lib -o "pong.elf"  ./src/display_ctrl.o ./src/main.o ./src/pong.o ./src/timer_ps.o   -Wl,--start-group,-lxil,-lgcc,-lc,--end-group
'Finished building target: pong.elf'
' '
'Invoking: ARM Print Size'
arm-xilinx-eabi-size pong.elf  |tee "pong.elf.size"
   text	   data	    bss	    dec	    hex	filename
  86064	   2568	49801856	49890488	2f944b8	pong.elf
'Finished building: pong.elf.size'
' '
18:22:47 **** Auto Build of configuration Debug for project pong ****
make all 
make: No se hace nada para `all'.
18:22:52 **** Incremental Build of configuration Debug for project pong ****
make all 
make: No se hace nada para `all'.
18:22:54 **** Incremental Build of configuration Debug for project base_demo ****
make all 
make: No se hace nada para `all'.
18:25:18 **** Auto Build of configuration Debug for project pong ****
make all 
'Building file: ../src/pong.c'
'Invoking: ARM gcc compiler'
arm-xilinx-eabi-gcc -Wall -O0 -g3 -c -fmessage-length=0 -I../../pong_bsp/ps7_cortexa9_0/include -MMD -MP -MF"src/pong.d" -MT"src/pong.d" -o "src/pong.o" "../src/pong.c"
'Finished building: ../src/pong.c'
' '
'Building target: pong.elf'
'Invoking: ARM gcc linker'
arm-xilinx-eabi-gcc -Wl,-T -Wl,../src/lscript.ld -L../../pong_bsp/ps7_cortexa9_0/lib -o "pong.elf"  ./src/display_ctrl.o ./src/main.o ./src/pong.o ./src/timer_ps.o   -Wl,--start-group,-lxil,-lgcc,-lc,--end-group
'Finished building target: pong.elf'
' '
'Invoking: ARM Print Size'
arm-xilinx-eabi-size pong.elf  |tee "pong.elf.size"
   text	   data	    bss	    dec	    hex	filename
  86064	   2568	49801856	49890488	2f944b8	pong.elf
'Finished building: pong.elf.size'
' '
18:29:25 **** Auto Build of configuration Debug for project pong ****
make all 
'Building file: ../src/pong.c'
'Invoking: ARM gcc compiler'
arm-xilinx-eabi-gcc -Wall -O0 -g3 -c -fmessage-length=0 -I../../pong_bsp/ps7_cortexa9_0/include -MMD -MP -MF"src/pong.d" -MT"src/pong.d" -o "src/pong.o" "../src/pong.c"
'Finished building: ../src/pong.c'
' '
'Building target: pong.elf'
'Invoking: ARM gcc linker'
arm-xilinx-eabi-gcc -Wl,-T -Wl,../src/lscript.ld -L../../pong_bsp/ps7_cortexa9_0/lib -o "pong.elf"  ./src/display_ctrl.o ./src/main.o ./src/pong.o ./src/timer_ps.o   -Wl,--start-group,-lxil,-lgcc,-lc,--end-group
'Finished building target: pong.elf'
' '
'Invoking: ARM Print Size'
arm-xilinx-eabi-size pong.elf  |tee "pong.elf.size"
   text	   data	    bss	    dec	    hex	filename
  86072	   2568	49801856	49890496	2f944c0	pong.elf
'Finished building: pong.elf.size'
' '
18:30:53 **** Auto Build of configuration Debug for project pong ****
make all 
'Building file: ../src/pong.c'
'Invoking: ARM gcc compiler'
arm-xilinx-eabi-gcc -Wall -O0 -g3 -c -fmessage-length=0 -I../../pong_bsp/ps7_cortexa9_0/include -MMD -MP -MF"src/pong.d" -MT"src/pong.d" -o "src/pong.o" "../src/pong.c"
'Finished building: ../src/pong.c'
' '
'Building target: pong.elf'
'Invoking: ARM gcc linker'
arm-xilinx-eabi-gcc -Wl,-T -Wl,../src/lscript.ld -L../../pong_bsp/ps7_cortexa9_0/lib -o "pong.elf"  ./src/display_ctrl.o ./src/main.o ./src/pong.o ./src/timer_ps.o   -Wl,--start-group,-lxil,-lgcc,-lc,--end-group
'Finished building target: pong.elf'
' '
'Invoking: ARM Print Size'
arm-xilinx-eabi-size pong.elf  |tee "pong.elf.size"
   text	   data	    bss	    dec	    hex	filename
  86136	   2568	49801856	49890560	2f94500	pong.elf
'Finished building: pong.elf.size'
' '
18:31:12 **** Incremental Build of configuration Debug for project pong ****
make all 
make: No se hace nada para `all'.
18:31:13 **** Incremental Build of configuration Debug for project base_demo ****
make all 
make: No se hace nada para `all'.
18:32:06 **** Auto Build of configuration Debug for project pong ****
make all 
'Building file: ../src/pong.c'
'Invoking: ARM gcc compiler'
arm-xilinx-eabi-gcc -Wall -O0 -g3 -c -fmessage-length=0 -I../../pong_bsp/ps7_cortexa9_0/include -MMD -MP -MF"src/pong.d" -MT"src/pong.d" -o "src/pong.o" "../src/pong.c"
'Finished building: ../src/pong.c'
' '
'Building target: pong.elf'
'Invoking: ARM gcc linker'
arm-xilinx-eabi-gcc -Wl,-T -Wl,../src/lscript.ld -L../../pong_bsp/ps7_cortexa9_0/lib -o "pong.elf"  ./src/display_ctrl.o ./src/main.o ./src/pong.o ./src/timer_ps.o   -Wl,--start-group,-lxil,-lgcc,-lc,--end-group
'Finished building target: pong.elf'
' '
'Invoking: ARM Print Size'
arm-xilinx-eabi-size pong.elf  |tee "pong.elf.size"
   text	   data	    bss	    dec	    hex	filename
  86136	   2568	49801856	49890560	2f94500	pong.elf
'Finished building: pong.elf.size'
' '
18:38:29 **** Auto Build of configuration Debug for project pong ****
make all 
'Building file: ../src/main.c'
'Invoking: ARM gcc compiler'
arm-xilinx-eabi-gcc -Wall -O0 -g3 -c -fmessage-length=0 -I../../pong_bsp/ps7_cortexa9_0/include -MMD -MP -MF"src/main.d" -MT"src/main.d" -o "src/main.o" "../src/main.c"
'Finished building: ../src/main.c'
' '
'Building target: pong.elf'
'Invoking: ARM gcc linker'
arm-xilinx-eabi-gcc -Wl,-T -Wl,../src/lscript.ld -L../../pong_bsp/ps7_cortexa9_0/lib -o "pong.elf"  ./src/display_ctrl.o ./src/main.o ./src/pong.o ./src/timer_ps.o   -Wl,--start-group,-lxil,-lgcc,-lc,--end-group
'Finished building target: pong.elf'
' '
'Invoking: ARM Print Size'
arm-xilinx-eabi-size pong.elf  |tee "pong.elf.size"
   text	   data	    bss	    dec	    hex	filename
  86216	   2568	49801856	49890640	2f94550	pong.elf
'Finished building: pong.elf.size'
' '
18:39:30 **** Auto Build of configuration Debug for project pong ****
make all 
make: No se hace nada para `all'.
18:41:22 **** Auto Build of configuration Debug for project pong ****
make all 
make: No se hace nada para `all'.
18:41:24 **** Auto Build of configuration Debug for project pong ****
make all 
'Building file: ../src/pong.c'
'Invoking: ARM gcc compiler'
arm-xilinx-eabi-gcc -Wall -O0 -g3 -c -fmessage-length=0 -I../../pong_bsp/ps7_cortexa9_0/include -MMD -MP -MF"src/pong.d" -MT"src/pong.d" -o "src/pong.o" "../src/pong.c"
'Finished building: ../src/pong.c'
' '
'Building target: pong.elf'
'Invoking: ARM gcc linker'
arm-xilinx-eabi-gcc -Wl,-T -Wl,../src/lscript.ld -L../../pong_bsp/ps7_cortexa9_0/lib -o "pong.elf"  ./src/display_ctrl.o ./src/main.o ./src/pong.o ./src/timer_ps.o   -Wl,--start-group,-lxil,-lgcc,-lc,--end-group
'Finished building target: pong.elf'
' '
'Invoking: ARM Print Size'
arm-xilinx-eabi-size pong.elf  |tee "pong.elf.size"
   text	   data	    bss	    dec	    hex	filename
  86216	   2568	49801856	49890640	2f94550	pong.elf
'Finished building: pong.elf.size'
' '
